################################################################################
#                                                                              #
#      IAR Universal Linker V4.53O/WIN                                         #
#                                                                              #
#           Link time     =  26/Feb/2008  21:09:01                             #
#           Target CPU    =  A90                                               #
#           List file     =  f:\Projects\[Drivers]\C\MROS\TestApps\FileStoreTe #
#                            ster\Release\List\FileStoreTester.map             #
#           Output file 1 =  f:\Projects\[Drivers]\C\MROS\TestApps\FileStoreTe #
#                            ster\Release\Exe\FileStoreTester.a90              #
#                            Format: intel-standard                            #
#           Command line  =  f:\Projects\[Drivers]\C\MROS\TestApps\FileStoreTe #
#                            ster\Release\Obj\FileStore.r90                    #
#                            f:\Projects\[Drivers]\C\MROS\TestApps\FileStoreTe #
#                            ster\Release\Obj\InternalEEPROM.r90               #
#                            f:\Projects\[Drivers]\C\MROS\TestApps\FileStoreTe #
#                            ster\Release\Obj\main.r90                         #
#                            f:\Projects\[Drivers]\C\MROS\TestApps\FileStoreTe #
#                            ster\Release\Obj\UART.r90                         #
#                            "C:\Program Files\IAR Systems\Ew23 Evaluation ver #
#                            sion\avr\lib\cl3s-ec-sf.r90"                      #
#                            -o                                                #
#                            f:\Projects\[Drivers]\C\MROS\TestApps\FileStoreTe #
#                            ster\Release\Exe\FileStoreTester.a90              #
#                            -Fintel-standard -l                               #
#                            f:\Projects\[Drivers]\C\MROS\TestApps\FileStoreTe #
#                            ster\Release\List\FileStoreTester.map             #
#                            -xms                                              #
#                            "-IC:\Program Files\IAR Systems\Ew23 Evaluation v #
#                            ersion\avr\LIB\"                                  #
#                            -f                                                #
#                            "C:\Program Files\IAR Systems\Ew23 Evaluation ver #
#                            sion\avr\src\template\cfgm32.xcl"                 #
#                            (-D_..X_INTVEC_SIZE=58 -D_..X_FLASH_NEND=7FFF     #
#                            -D_..X_FLASH_END=7FFF -D_..X_SRAM_BASE=60         #
#                            -D_..X_SRAM_TEND=FF -D_..X_SRAM_END=85F           #
#                            -D_..X_EXT_SRAM_BASE=_..X_SRAM_BASE               #
#                            -D_..X_EXT_SRAM_END=_..X_SRAM_BASE                #
#                            -D_..X_EXT_CSTACK_BASE=_..X_SRAM_BASE             #
#                            -D_..X_EXT_CSTACK_END=_..X_SRAM_BASE              #
#                            -D_..X_EXT_RSTACK_BASE=_..X_SRAM_BASE             #
#                            -D_..X_EXT_RSTACK_END=_..X_SRAM_BASE              #
#                            -D_..X_EXT_ROM_BASE=_..X_SRAM_BASE                #
#                            -D_..X_EXT_ROM_END=_..X_SRAM_BASE                 #
#                            -D_..X_EXT_NV_BASE=_..X_SRAM_BASE                 #
#                            -D_..X_EXT_NV_END=_..X_SRAM_BASE                  #
#                            -D_..X_EEPROM_END=3FF) -D_..X_HEAP_SIZE=10        #
#                            -D_..X_CSTACK_SIZE=80 -D_..X_RSTACK_SIZE=80       #
#                            -e_small_write=_formatted_write                   #
#                            -e_medium_read=_formatted_read -f                 #
#                            "C:\Program Files\IAR Systems\Ew23 Evaluation ver #
#                            sion\avr\src\template\cfg3s.xcl"                  #
#                            (-ca90 -w29                                       #
#                            -Z(CODE)INTVEC=0-(_..X_INTVEC_SIZE-1)             #
#                            -Z(CODE)TINY_F=_..X_FLASH_BASE-FF                 #
#                            -Z(CODE)NEAR_F=_..X_FLASH_BASE-_..X_FLASH_NEND    #
#                            -Z(CODE)SWITCH=_..X_FLASH_BASE-_..X_FLASH_NEND    #
#                            -Z(CODE)DIFUNCT=_..X_FLASH_BASE-_..X_FLASH_NEND   #
#                            -Z(CODE)CODE=_..X_FLASH_BASE-_..X_FLASH_END       #
#                            -Z(CODE)FAR_F=[_..X_FLASH_BASE-_..X_FLASH_END]/10 #
#                            000                                               #
#                            -Z(CODE)INITTAB=[_..X_FLASH_BASE-_..X_FLASH_END]/ #
#                            10000                                             #
#                            -Z(CODE)HUGE_F=_..X_FLASH_BASE-_..X_FLASH_END     #
#                            -Z(CODE)TINY_ID=_..X_FLASH_BASE-_..X_FLASH_END    #
#                            -Z(CODE)NEAR_ID=_..X_FLASH_BASE-_..X_FLASH_END    #
#                            -Z(CODE)CHECKSUM=_..X_FLASH_BASE-_..X_FLASH_END   #
#                            -Z(DATA)TINY_I,TINY_Z,TINY_N=_..X_SRAM_BASE-_..X_ #
#                            SRAM_TEND                                         #
#                            -Z(DATA)CSTACK+_..X_CSTACK_SIZE=_..X_SRAM_BASE-_. #
#                            .X_SRAM_END,_..X_EXT_CSTACK_BASE-_..X_EXT_CSTACK_ #
#                            END                                               #
#                            -Z(DATA)HEAP+_..X_HEAP_SIZE=_..X_SRAM_BASE-_..X_S #
#                            RAM_END,_..X_EXT_SRAM_BASE-_..X_EXT_SRAM_END      #
#                            -Z(DATA)RSTACK+_..X_RSTACK_SIZE=_..X_SRAM_BASE-_. #
#                            .X_SRAM_END,_..X_EXT_RSTACK_BASE-_..X_EXT_RSTACK_ #
#                            END                                               #
#                            -Z(DATA)NEAR_I,NEAR_Z=_..X_SRAM_BASE-_..X_SRAM_EN #
#                            D,_..X_EXT_SRAM_BASE-_..X_EXT_SRAM_END            #
#                            -Z(DATA)NEAR_C=_..X_EXT_ROM_BASE-_..X_EXT_ROM_END #
#                            -Z(DATA)NEAR_N=_..X_EXT_NV_BASE-_..X_EXT_NV_END   #
#                            -Z(XDATA)EEPROM_I,EEPROM_N=1-_..X_EEPROM_END)     #
#                            -D_..X_FLASH_BASE=_..X_INTVEC_SIZE -H1895         #
#                            -h(CODE)0-(_..X_INTVEC_SIZE-1)                    #
#                                                                              #
#                        Copyright 1987-2002 IAR Systems. All rights reserved. #
################################################################################





                ****************************************
                *                                      *
                *           CROSS REFERENCE            *
                *                                      *
                ****************************************

                  There are no program entries.




                ****************************************
                *                                      *
                *            RUNTIME MODEL             *
                *                                      *
                ****************************************

  R10             = REG
  R11             = REG
  R4              = REG
  R5              = REG
  R6              = REG
  R7              = REG
  R8              = REG
  R9              = REG
  __64bit_doubles = disabled
  __cpu           = 3
  __cpu_name      = AT90Mega32
  __enhanced_core = enabled
  __has_elpm      = false
  __memory_model  = 2
  __rt_version    = 2.30



                ****************************************
                *                                      *
                *              MODULE MAP              *
                *                                      *
                ****************************************


  DEFINED ABSOLUTE ENTRIES
  PROGRAM MODULE, NAME : ?ABS_ENTRY_MOD

Absolute parts
           ENTRY                   ADDRESS         REF BY
           =====                   =======         ======
           _..X_FLASH_BASE         00000058 
           _..X_RSTACK_SIZE        00000080 
           _..X_CSTACK_SIZE        00000080 
           _..X_HEAP_SIZE          00000010 
           _..X_EEPROM_END         000003FF 
           _..X_EXT_NV_END         00000060 
           _..X_EXT_NV_BASE        00000060 
           _..X_EXT_ROM_END        00000060 
           _..X_EXT_ROM_BASE       00000060 
           _..X_EXT_RSTACK_END     00000060 
           _..X_EXT_RSTACK_BASE    00000060 
           _..X_EXT_CSTACK_END     00000060 
           _..X_EXT_CSTACK_BASE    00000060 
           _..X_EXT_SRAM_END       00000060 
           _..X_EXT_SRAM_BASE      00000060 
           _..X_SRAM_END           0000085F 
           _..X_SRAM_TEND          000000FF 
           _..X_SRAM_BASE          00000060 
           _..X_FLASH_END          00007FFF 
           _..X_FLASH_NEND         00007FFF 
           _..X_INTVEC_SIZE        00000058 
    *************************************************************************

  FILE NAME : f:\Projects\[Drivers]\C\MROS\TestApps\FileStoreTester\Release\Obj\FileStore.r90
  PROGRAM MODULE, NAME : FileStore

  SEGMENTS IN THE MODULE
  ======================
NEAR_Z
  Relative segment, address: DATA 00000169 - 0000016E (6 bytes), align: 0
  Segment part 7.             Intra module refs:   FileStore_Init
                                                   FileStore_OpenFile
                                                   FileStore_ReadBytes
                                                   FindNextFileEntry
                                                   MatchFileName
           ENTRY                   ADDRESS         REF BY
           =====                   =======         ======
           readByte                00000169 
           readBytes               0000016B 
           readLong                0000016D 
    -------------------------------------------------------------------------
CODE
  Relative segment, address: CODE 0000007C - 0000008D (12 bytes), align: 1
  Segment part 9.
           ENTRY                   ADDRESS         REF BY
           =====                   =======         ======
           FileStore_Init          0000007C        main (main)
               non_banked function
    -------------------------------------------------------------------------
CODE
  Relative segment, address: CODE 0000008E - 0000013B (ae bytes), align: 1
  Segment part 10.
           ENTRY                   ADDRESS         REF BY
           =====                   =======         ======
           FileStore_OpenFile      0000008E        main (main)
               non_banked function
               calls direct and indirect
               stack 1 = 00000000 ( 00000008 )
               stack 2 = 00000000 ( 00000002 )
    -------------------------------------------------------------------------
CODE
  Relative segment, address: CODE 0000013C - 000001E3 (a8 bytes), align: 1
  Segment part 11.
           ENTRY                   ADDRESS         REF BY
           =====                   =======         ======
           FileStore_ReadBytes     0000013C        main (main)
               non_banked function
               calls indirect
               stack 1 = 00000000 ( 0000000C )
               stack 2 = 00000000 ( 00000002 )
    -------------------------------------------------------------------------
CODE
  Relative segment, address: CODE 000001E4 - 0000024F (6c bytes), align: 1
  Segment part 13.            Intra module refs:   FileStore_OpenFile
           ENTRY                   ADDRESS         REF BY
           =====                   =======         ======
           FindNextFileEntry       000001E4 
               non_banked function
               calls indirect
               stack 1 = 00000000 ( 00000008 )
               stack 2 = 00000000 ( 00000002 )
    -------------------------------------------------------------------------
CODE
  Relative segment, address: CODE 00000250 - 000002BF (70 bytes), align: 1
  Segment part 14.            Intra module refs:   FileStore_OpenFile
           ENTRY                   ADDRESS         REF BY
           =====                   =======         ======
           MatchFileName           00000250 
               non_banked function
               calls indirect
               stack 1 = 00000000 ( 00000006 )
               stack 2 = 00000000 ( 00000002 )
    -------------------------------------------------------------------------
ABSOLUTE (ABS)
  Relative segment, address: DATA 0000001C, align: 0
  Segment part 1. ROOT.
           ENTRY                   ADDRESS         REF BY
           =====                   =======         ======
           __?EECR                 0000001C 
    -------------------------------------------------------------------------
ABSOLUTE (ABS)
  Relative segment, address: DATA 0000001D, align: 0
  Segment part 2. ROOT.
           ENTRY                   ADDRESS         REF BY
           =====                   =======         ======
           __?EEDR                 0000001D 
    -------------------------------------------------------------------------
ABSOLUTE (ABS)
  Relative segment, address: DATA 0000001E, align: 0
  Segment part 3. ROOT.
           ENTRY                   ADDRESS         REF BY
           =====                   =======         ======
           __?EEARL                0000001E 
    -------------------------------------------------------------------------
ABSOLUTE (ABS)
  Relative segment, address: DATA 0000001F, align: 0
  Segment part 4. ROOT.
           ENTRY                   ADDRESS         REF BY
           =====                   =======         ======
           __?EEARH                0000001F 
    -------------------------------------------------------------------------
INITTAB
  Relative segment, address: CODE 0000047E - 00000483 (6 bytes), align: 0
  Segment part 8.             Intra module refs:   buf (main)
                                                   f (main)
                                                   readByte
           ENTRY                   ADDRESS         REF BY
           =====                   =======         ======
           ?<Segment init: NEAR_Z>
                                   0000047E 

    *************************************************************************

  FILE NAME : f:\Projects\[Drivers]\C\MROS\TestApps\FileStoreTester\Release\Obj\InternalEEPROM.r90
  PROGRAM MODULE, NAME : InternalEEPROM

  SEGMENTS IN THE MODULE
  ======================
ABSOLUTE (ABS)
  Relative segment, address: DATA 0000003C - 0000003C (1 bytes), align: 0
  Segment part 1. ROOT.
           ENTRY                   ADDRESS         REF BY
           =====                   =======         ======
           _A_EECR                 0000003C 
    -------------------------------------------------------------------------
ABSOLUTE (ABS)
  Relative segment, address: DATA 0000003D - 0000003D (1 bytes), align: 0
  Segment part 2. ROOT.
           ENTRY                   ADDRESS         REF BY
           =====                   =======         ======
           _A_EEDR                 0000003D 
    -------------------------------------------------------------------------
ABSOLUTE (ABS)
  Relative segment, address: DATA 0000003E - 0000003F (2 bytes), align: 0
  Segment part 3. ROOT.
           ENTRY                   ADDRESS         REF BY
           =====                   =======         ======
           _A_EEAR                 0000003E 
    -------------------------------------------------------------------------
CODE
  Relative segment, address: CODE 000002C0 - 000002CD (e bytes), align: 1
  Segment part 10.            Intra module refs:   InternalEEPROM_ReadBytes
           ENTRY                   ADDRESS         REF BY
           =====                   =======         ======
           InternalEEPROM_ReadByte
                                   000002C0        main (main)
               non_banked function
    -------------------------------------------------------------------------
CODE
  Relative segment, address: CODE 000002CE - 00000319 (4c bytes), align: 1
  Segment part 11.            Intra module refs:   InternalEEPROM_ReadLong
           ENTRY                   ADDRESS         REF BY
           =====                   =======         ======
           InternalEEPROM_ReadBytes
                                   000002CE        main (main)
               non_banked function
               calls direct
               stack 1 = 00000000 ( 00000008 )
               stack 2 = 00000000 ( 00000002 )
    -------------------------------------------------------------------------
CODE
  Relative segment, address: CODE 0000031A - 0000032F (16 bytes), align: 1
  Segment part 12.
           ENTRY                   ADDRESS         REF BY
           =====                   =======         ======
           InternalEEPROM_ReadLong
                                   0000031A        main (main)
               non_banked function
               calls direct
               stack 1 = 00000000 ( 00000004 )
               stack 2 = 00000000 ( 00000002 )

    *************************************************************************

  FILE NAME : f:\Projects\[Drivers]\C\MROS\TestApps\FileStoreTester\Release\Obj\main.r90
  PROGRAM MODULE, NAME : main

  SEGMENTS IN THE MODULE
  ======================
NEAR_Z
  Relative segment, address: DATA 0000016F - 0000017E (10 bytes), align: 0
  Segment part 10.            Intra module refs:   main
           ENTRY                   ADDRESS         REF BY
           =====                   =======         ======
           f                       0000016F 
    -------------------------------------------------------------------------
NEAR_Z
  Relative segment, address: DATA 0000017F - 000001E2 (64 bytes), align: 0
  Segment part 12.            Intra module refs:   main
           ENTRY                   ADDRESS         REF BY
           =====                   =======         ======
           buf                     0000017F 
    -------------------------------------------------------------------------
NEAR_F
  Relative segment, address: CODE 00000058 - 0000007B (24 bytes), align: 0
  Segment part 13.            Intra module refs:   main
           ENTRY                   ADDRESS         REF BY
           =====                   =======         ======
           txt1                    00000058 
           txt2                    0000005F 
           txt3                    00000073 
    -------------------------------------------------------------------------
CODE
  Relative segment, address: CODE 00000330 - 000003A3 (74 bytes), align: 1
  Segment part 14.
           ENTRY                   ADDRESS         REF BY
           =====                   =======         ======
           main                    00000330        ?cstartup_call_main (?C_STARTUP)
               non_banked function
               calls direct
               stack 1 = 00000000 ( 00000004 )
               stack 2 = 00000000 ( 00000002 )
    -------------------------------------------------------------------------
NEAR_I
  Relative segment, address: DATA 00000160 - 00000168 (9 bytes), align: 0
  Segment part 7.             Intra module refs:   main
    -------------------------------------------------------------------------
NEAR_ID
  Relative segment, address: CODE 0000048A - 00000492 (9 bytes), align: 0
  Segment part 8.             Intra module refs:   Segment part 7
    -------------------------------------------------------------------------
INITTAB
  Relative segment, address: CODE 00000484 - 00000489 (6 bytes), align: 0
  Segment part 9.             Intra module refs:   Segment part 7
           ENTRY                   ADDRESS         REF BY
           =====                   =======         ======
           ?<Segment init: NEAR_I>
                                   00000484 

    *************************************************************************

  FILE NAME : f:\Projects\[Drivers]\C\MROS\TestApps\FileStoreTester\Release\Obj\UART.r90
  PROGRAM MODULE, NAME : UART

  SEGMENTS IN THE MODULE
  ======================
ABSOLUTE (ABS)
  Relative segment, address: DATA 00000029 - 00000029 (1 bytes), align: 0
  Segment part 1. ROOT.
           ENTRY                   ADDRESS         REF BY
           =====                   =======         ======
           _A_UBRRL                00000029 
    -------------------------------------------------------------------------
ABSOLUTE (ABS)
  Relative segment, address: DATA 0000002A - 0000002A (1 bytes), align: 0
  Segment part 2. ROOT.
           ENTRY                   ADDRESS         REF BY
           =====                   =======         ======
           _A_UCSRB                0000002A 
    -------------------------------------------------------------------------
ABSOLUTE (ABS)
  Relative segment, address: DATA 0000002B - 0000002B (1 bytes), align: 0
  Segment part 3. ROOT.
           ENTRY                   ADDRESS         REF BY
           =====                   =======         ======
           _A_UCSRA                0000002B 
    -------------------------------------------------------------------------
ABSOLUTE (ABS)
  Relative segment, address: DATA 0000002C - 0000002C (1 bytes), align: 0
  Segment part 4. ROOT.
           ENTRY                   ADDRESS         REF BY
           =====                   =======         ======
           _A_UDR                  0000002C 
    -------------------------------------------------------------------------
ABSOLUTE (ABS)
  Relative segment, address: DATA 00000040 - 00000040 (1 bytes), align: 0
  Segment part 5. ROOT.
           ENTRY                   ADDRESS         REF BY
           =====                   =======         ======
           _A_UBRRH                00000040 
    -------------------------------------------------------------------------
CODE
  Relative segment, address: CODE 000003A4 - 000003B1 (e bytes), align: 1
  Segment part 12.
           ENTRY                   ADDRESS         REF BY
           =====                   =======         ======
           UART_Init               000003A4        main (main)
               non_banked function
    -------------------------------------------------------------------------
CODE
  Relative segment, address: CODE 000003B2 - 000003B9 (8 bytes), align: 1
  Segment part 17.            Intra module refs:   UART_WriteBytes
                                                   UART_WriteString_P
           ENTRY                   ADDRESS         REF BY
           =====                   =======         ======
           UART_WriteByte          000003B2 
               non_banked function
    -------------------------------------------------------------------------
CODE
  Relative segment, address: CODE 000003BA - 000003D7 (1e bytes), align: 1
  Segment part 21.
           ENTRY                   ADDRESS         REF BY
           =====                   =======         ======
           UART_WriteBytes         000003BA        main (main)
               non_banked function
               calls direct
               stack 1 = 00000000 ( 00000003 )
               stack 2 = 00000000 ( 00000002 )
    -------------------------------------------------------------------------
CODE
  Relative segment, address: CODE 000003D8 - 000003FF (28 bytes), align: 1
  Segment part 23.
           ENTRY                   ADDRESS         REF BY
           =====                   =======         ======
           UART_WriteString_P      000003D8        main (main)
               non_banked function
               calls direct
               stack 1 = 00000000 ( 00000003 )
               stack 2 = 00000000 ( 00000002 )

    *************************************************************************

  FILE NAME : C:\Program Files\IAR Systems\Ew23 Evaluation version\avr\lib\cl3s-ec-sf.r90
  PROGRAM MODULE, NAME : ?RESET

  SEGMENTS IN THE MODULE
  ======================
INTVEC
  Common segment, address: CODE 00000000 - 00000003 (4 bytes), align: 1
  Segment part 0. ROOT.

    -------------------------------------------------------------------------
  LIBRARY MODULE, NAME : ?C_STARTUP

  SEGMENTS IN THE MODULE
  ======================
CODE
  Relative segment, address: CODE 00000400, align: 1
  Segment part 2.
           ENTRY                   ADDRESS         REF BY
           =====                   =======         ======
           ?C_STARTUP              00000400        Segment part 0 (?RESET)
           __RESTART               00000400 
    -------------------------------------------------------------------------
CODE
  Relative segment, address: CODE 00000400 - 0000040B (c bytes), align: 1
  Segment part 4.             Intra module refs:   ?C_STARTUP
    -------------------------------------------------------------------------
CODE
  Relative segment, address: CODE 0000040C - 0000040F (4 bytes), align: 1
  Segment part 6.             Intra module refs:   Segment part 4
           ENTRY                   ADDRESS         REF BY
           =====                   =======         ======
           ?call_low_level_init    0000040C 
    -------------------------------------------------------------------------
CODE
  Relative segment, address: CODE 00000410 - 00000417 (8 bytes), align: 1
  Segment part 7.
           ENTRY                   ADDRESS         REF BY
           =====                   =======         ======
           ?need_segment_init      00000410        ?<Segment init: NEAR_I> (main)
                                                   ?<Segment init: NEAR_Z> (FileStore)
    -------------------------------------------------------------------------
CODE
  Relative segment, address: CODE 00000418 - 00000423 (c bytes), align: 1
  Segment part 8.             Intra module refs:   ?call_low_level_init
           ENTRY                   ADDRESS         REF BY
           =====                   =======         ======
           ?cstartup_call_main     00000418 

    -------------------------------------------------------------------------
  LIBRARY MODULE, NAME : ?REGISTER_CGREGR4_L10

  SEGMENTS IN THE MODULE
  ======================
CODE
  Relative segment, address: CODE 00000424, align: 1
  Segment part 0.
           ENTRY                   ADDRESS         REF BY
           =====                   =======         ======
           ?Register_R4_is_cg_reg
                                   00000424        FileStore_OpenFile (FileStore)
                                                   FindNextFileEntry (FileStore)
                                                   InternalEEPROM_ReadBytes (InternalEEPROM)
                                                   MatchFileName (FileStore)

    -------------------------------------------------------------------------
  LIBRARY MODULE, NAME : ?REGISTER_CGREGR5_L10

  SEGMENTS IN THE MODULE
  ======================
CODE
  Relative segment, address: CODE 00000424, align: 1
  Segment part 0.
           ENTRY                   ADDRESS         REF BY
           =====                   =======         ======
           ?Register_R5_is_cg_reg
                                   00000424        FileStore_OpenFile (FileStore)
                                                   FindNextFileEntry (FileStore)
                                                   InternalEEPROM_ReadBytes (InternalEEPROM)
                                                   MatchFileName (FileStore)

    -------------------------------------------------------------------------
  LIBRARY MODULE, NAME : ?REGISTER_CGREGR6_L10

  SEGMENTS IN THE MODULE
  ======================
CODE
  Relative segment, address: CODE 00000424, align: 1
  Segment part 0.
           ENTRY                   ADDRESS         REF BY
           =====                   =======         ======
           ?Register_R6_is_cg_reg
                                   00000424        FileStore_OpenFile (FileStore)
                                                   FileStore_ReadBytes (FileStore)
                                                   FindNextFileEntry (FileStore)
                                                   InternalEEPROM_ReadBytes (InternalEEPROM)

    -------------------------------------------------------------------------
  LIBRARY MODULE, NAME : ?REGISTER_CGREGR7_L10

  SEGMENTS IN THE MODULE
  ======================
CODE
  Relative segment, address: CODE 00000424, align: 1
  Segment part 0.
           ENTRY                   ADDRESS         REF BY
           =====                   =======         ======
           ?Register_R7_is_cg_reg
                                   00000424        FileStore_OpenFile (FileStore)
                                                   FileStore_ReadBytes (FileStore)
                                                   FindNextFileEntry (FileStore)
                                                   InternalEEPROM_ReadBytes (InternalEEPROM)

    -------------------------------------------------------------------------
  LIBRARY MODULE, NAME : ?REGISTER_CGREGR8_L10

  SEGMENTS IN THE MODULE
  ======================
CODE
  Relative segment, address: CODE 00000424, align: 1
  Segment part 0.
           ENTRY                   ADDRESS         REF BY
           =====                   =======         ======
           ?Register_R8_is_cg_reg
                                   00000424        FileStore_ReadBytes (FileStore)

    -------------------------------------------------------------------------
  LIBRARY MODULE, NAME : ?REGISTER_CGREGR9_L10

  SEGMENTS IN THE MODULE
  ======================
CODE
  Relative segment, address: CODE 00000424, align: 1
  Segment part 0.
           ENTRY                   ADDRESS         REF BY
           =====                   =======         ======
           ?Register_R9_is_cg_reg
                                   00000424        FileStore_ReadBytes (FileStore)

    -------------------------------------------------------------------------
  LIBRARY MODULE, NAME : ?REGISTER_CGREGR10_L10

  SEGMENTS IN THE MODULE
  ======================
CODE
  Relative segment, address: CODE 00000424, align: 1
  Segment part 0.
           ENTRY                   ADDRESS         REF BY
           =====                   =======         ======
           ?Register_R10_is_cg_reg
                                   00000424        FileStore_ReadBytes (FileStore)

    -------------------------------------------------------------------------
  LIBRARY MODULE, NAME : ?REGISTER_CGREGR11_L10

  SEGMENTS IN THE MODULE
  ======================
CODE
  Relative segment, address: CODE 00000424, align: 1
  Segment part 0.
           ENTRY                   ADDRESS         REF BY
           =====                   =======         ======
           ?Register_R11_is_cg_reg
                                   00000424        FileStore_ReadBytes (FileStore)

    -------------------------------------------------------------------------
  LIBRARY MODULE, NAME : low_level_init

  SEGMENTS IN THE MODULE
  ======================
CODE
  Relative segment, address: CODE 00000424 - 00000427 (4 bytes), align: 1
  Segment part 3.
           ENTRY                   ADDRESS         REF BY
           =====                   =======         ======
           __low_level_init        00000424        ?call_low_level_init (?C_STARTUP)
               non_banked function

    -------------------------------------------------------------------------
  LIBRARY MODULE, NAME : ?segment_init

  SEGMENTS IN THE MODULE
  ======================
CODE
  Relative segment, address: CODE 00000428 - 0000043B (14 bytes), align: 1
  Segment part 8.             Intra module refs:   __flashcpy
                                                   __segment_init
           ENTRY                   ADDRESS         REF BY
           =====                   =======         ======
           __memclr                00000428 
               non_banked function
    -------------------------------------------------------------------------
CODE
  Relative segment, address: CODE 0000043C - 00000443 (8 bytes), align: 1
  Segment part 9.             Intra module refs:   __segment_init
           ENTRY                   ADDRESS         REF BY
           =====                   =======         ======
           __flashcpy              0000043C 
               non_banked function
    -------------------------------------------------------------------------
CODE
  Relative segment, address: CODE 00000444 - 00000477 (34 bytes), align: 1
  Segment part 10.
           ENTRY                   ADDRESS         REF BY
           =====                   =======         ======
           __segment_init          00000444        ?need_segment_init (?C_STARTUP)
               non_banked function
               calls direct
               stack 1 = 00000000 ( 00000000 )
               stack 2 = 00000000 ( 00000002 )
    -------------------------------------------------------------------------
INITTAB
  Relative segment, address: CODE 0000048A, align: 0
  Segment part 6.             Intra module refs:   __segment_init
           ENTRY                   ADDRESS         REF BY
           =====                   =======         ======
           ?<Segment part INITTAB>
                                   0000048A 

    -------------------------------------------------------------------------
  LIBRARY MODULE, NAME : ?__exit

  SEGMENTS IN THE MODULE
  ======================
CODE
  Relative segment, address: CODE 00000478 - 0000047D (6 bytes), align: 1
  Segment part 0.
           ENTRY                   ADDRESS         REF BY
           =====                   =======         ======
           __exit                  0000047A 
           ?C_EXIT                 0000047A 
           ?C_FUNCALL              00000478 
           _exit                   00000478        ?cstartup_call_main (?C_STARTUP)
           exit                    00000478        ?cstartup_call_main (?C_STARTUP)

    *************************************************************************

  DEFINED ABSOLUTE ENTRIES
  PROGRAM MODULE, NAME : ?FILLER_BYTES

  SEGMENTS IN THE MODULE
  ======================
INTVEC
  Common segment, address: CODE 00000000 - 00000003 (4 bytes), align: 0
  Segment part 1.
    -------------------------------------------------------------------------
?FILL1
  Relative segment, address: CODE 00000004 - 00000057 (54 bytes), align: 0
  Segment part 0.




                ****************************************
                *                                      *
                *      SEGMENTS IN ADDRESS ORDER       *
                *                                      *
                ****************************************


SEGMENT              SPACE   START ADDRESS    END ADDRESS      SIZE  TYPE  ALIGN
=======              =====   =============    ===========      ====  ====  =====
INTVEC               CODE         00000000 - 00000003             4   com    1
?FILL1               CODE         00000004 - 00000057            54   rel    0
NEAR_F               CODE         00000058 - 0000007B            24   rel    0
CODE                 CODE         0000007C - 0000047D           402   rel    1
INITTAB              CODE         0000047E - 00000489             C   rel    0
NEAR_ID              CODE         0000048A - 00000492             9   rel    0
ABSOLUTE (ABS)       DATA              0000001C                       rel    0
                     DATA              0000001D                     
                     DATA              0000001E                     
                     DATA              0000001F                     
                     DATA         00000029 - 00000029             1 
                     DATA         0000002A - 0000002A             1 
                     DATA         0000002B - 0000002B             1 
                     DATA         0000002C - 0000002C             1 
                     DATA         0000003C - 0000003C             1 
                     DATA         0000003D - 0000003D             1 
                     DATA         0000003E - 0000003F             2 
                     DATA         00000040 - 00000040             1 
CSTACK               DATA         00000060 - 000000DF            80   dse    0
RSTACK               DATA         000000E0 - 0000015F            80   dse    0
NEAR_I               DATA         00000160 - 00000168             9   rel    0
NEAR_Z               DATA         00000169 - 000001E2            7A   rel    0

                ****************************************
                *                                      *
                *        END OF CROSS REFERENCE        *
                *                                      *
                ****************************************

 1 087 bytes of CODE memory (84 range fill)
   396 bytes of DATA memory

Errors: none
Warnings: none

