################################################################################
#                                                                              #
#      IAR Universal Linker V4.53O/WIN                                         #
#                                                                              #
#           Link time     =  09/Nov/2007  21:05:41                             #
#           Target CPU    =  A90                                               #
#           List file     =  f:\Projects\[Drivers]\C\MROS\TestApps\PKernelTest #
#                            er\Release\List\PKernelTester.map                 #
#           Output file 1 =  f:\Projects\[Drivers]\C\MROS\TestApps\PKernelTest #
#                            er\Release\Exe\PKernelTester.a90                  #
#                            Format: intel-standard                            #
#           Command line  =  f:\Projects\[Drivers]\C\MROS\TestApps\PKernelTest #
#                            er\Release\Obj\Kernel.r90                         #
#                            f:\Projects\[Drivers]\C\MROS\TestApps\PKernelTest #
#                            er\Release\Obj\main.r90                           #
#                            f:\Projects\[Drivers]\C\MROS\TestApps\PKernelTest #
#                            er\Release\Obj\MessageQueue.r90                   #
#                            f:\Projects\[Drivers]\C\MROS\TestApps\PKernelTest #
#                            er\Release\Obj\Semaphore.r90                      #
#                            f:\Projects\[Drivers]\C\MROS\TestApps\PKernelTest #
#                            er\Release\Obj\TaskManagement.r90                 #
#                            f:\Projects\[Drivers]\C\MROS\TestApps\PKernelTest #
#                            er\Release\Obj\Timer.r90                          #
#                            "C:\Program Files\IAR Systems\Ew23 Evaluation ver #
#                            sion\avr\lib\cl3s-ec-sf.r90"                      #
#                            -o                                                #
#                            f:\Projects\[Drivers]\C\MROS\TestApps\PKernelTest #
#                            er\Release\Exe\PKernelTester.a90                  #
#                            -Fintel-standard -l                               #
#                            f:\Projects\[Drivers]\C\MROS\TestApps\PKernelTest #
#                            er\Release\List\PKernelTester.map                 #
#                            -xms                                              #
#                            "-IC:\Program Files\IAR Systems\Ew23 Evaluation v #
#                            ersion\avr\LIB\"                                  #
#                            -f                                                #
#                            "C:\Program Files\IAR Systems\Ew23 Evaluation ver #
#                            sion\avr\src\template\cfgm32.xcl"                 #
#                            (-D_..X_INTVEC_SIZE=58 -D_..X_FLASH_NEND=7FFF     #
#                            -D_..X_FLASH_END=7FFF -D_..X_SRAM_BASE=60         #
#                            -D_..X_SRAM_TEND=FF -D_..X_SRAM_END=85F           #
#                            -D_..X_EXT_SRAM_BASE=_..X_SRAM_BASE               #
#                            -D_..X_EXT_SRAM_END=_..X_SRAM_BASE                #
#                            -D_..X_EXT_CSTACK_BASE=_..X_SRAM_BASE             #
#                            -D_..X_EXT_CSTACK_END=_..X_SRAM_BASE              #
#                            -D_..X_EXT_RSTACK_BASE=_..X_SRAM_BASE             #
#                            -D_..X_EXT_RSTACK_END=_..X_SRAM_BASE              #
#                            -D_..X_EXT_ROM_BASE=_..X_SRAM_BASE                #
#                            -D_..X_EXT_ROM_END=_..X_SRAM_BASE                 #
#                            -D_..X_EXT_NV_BASE=_..X_SRAM_BASE                 #
#                            -D_..X_EXT_NV_END=_..X_SRAM_BASE                  #
#                            -D_..X_EEPROM_END=3FF) -D_..X_HEAP_SIZE=10        #
#                            -D_..X_CSTACK_SIZE=80 -D_..X_RSTACK_SIZE=80       #
#                            -e_small_write=_formatted_write                   #
#                            -e_medium_read=_formatted_read -f                 #
#                            "C:\Program Files\IAR Systems\Ew23 Evaluation ver #
#                            sion\avr\src\template\cfg3s.xcl"                  #
#                            (-ca90 -w29                                       #
#                            -Z(CODE)INTVEC=0-(_..X_INTVEC_SIZE-1)             #
#                            -Z(CODE)TINY_F=_..X_FLASH_BASE-FF                 #
#                            -Z(CODE)NEAR_F=_..X_FLASH_BASE-_..X_FLASH_NEND    #
#                            -Z(CODE)SWITCH=_..X_FLASH_BASE-_..X_FLASH_NEND    #
#                            -Z(CODE)DIFUNCT=_..X_FLASH_BASE-_..X_FLASH_NEND   #
#                            -Z(CODE)CODE=_..X_FLASH_BASE-_..X_FLASH_END       #
#                            -Z(CODE)FAR_F=[_..X_FLASH_BASE-_..X_FLASH_END]/10 #
#                            000                                               #
#                            -Z(CODE)INITTAB=[_..X_FLASH_BASE-_..X_FLASH_END]/ #
#                            10000                                             #
#                            -Z(CODE)HUGE_F=_..X_FLASH_BASE-_..X_FLASH_END     #
#                            -Z(CODE)TINY_ID=_..X_FLASH_BASE-_..X_FLASH_END    #
#                            -Z(CODE)NEAR_ID=_..X_FLASH_BASE-_..X_FLASH_END    #
#                            -Z(CODE)CHECKSUM=_..X_FLASH_BASE-_..X_FLASH_END   #
#                            -Z(DATA)TINY_I,TINY_Z,TINY_N=_..X_SRAM_BASE-_..X_ #
#                            SRAM_TEND                                         #
#                            -Z(DATA)CSTACK+_..X_CSTACK_SIZE=_..X_SRAM_BASE-_. #
#                            .X_SRAM_END,_..X_EXT_CSTACK_BASE-_..X_EXT_CSTACK_ #
#                            END                                               #
#                            -Z(DATA)HEAP+_..X_HEAP_SIZE=_..X_SRAM_BASE-_..X_S #
#                            RAM_END,_..X_EXT_SRAM_BASE-_..X_EXT_SRAM_END      #
#                            -Z(DATA)RSTACK+_..X_RSTACK_SIZE=_..X_SRAM_BASE-_. #
#                            .X_SRAM_END,_..X_EXT_RSTACK_BASE-_..X_EXT_RSTACK_ #
#                            END                                               #
#                            -Z(DATA)NEAR_I,NEAR_Z=_..X_SRAM_BASE-_..X_SRAM_EN #
#                            D,_..X_EXT_SRAM_BASE-_..X_EXT_SRAM_END            #
#                            -Z(DATA)NEAR_C=_..X_EXT_ROM_BASE-_..X_EXT_ROM_END #
#                            -Z(DATA)NEAR_N=_..X_EXT_NV_BASE-_..X_EXT_NV_END   #
#                            -Z(XDATA)EEPROM_I,EEPROM_N=1-_..X_EEPROM_END)     #
#                            -D_..X_FLASH_BASE=_..X_INTVEC_SIZE -H1895         #
#                            -h(CODE)0-(_..X_INTVEC_SIZE-1)                    #
#                                                                              #
#                        Copyright 1987-2002 IAR Systems. All rights reserved. #
################################################################################





                ****************************************
                *                                      *
                *           CROSS REFERENCE            *
                *                                      *
                ****************************************

                  There are no program entries.




                ****************************************
                *                                      *
                *            RUNTIME MODEL             *
                *                                      *
                ****************************************

  __64bit_doubles = disabled
  __cpu           = 3
  __cpu_name      = AT90Mega32
  __enhanced_core = enabled
  __has_elpm      = false
  __memory_model  = 2
  __rt_version    = 2.30



                ****************************************
                *                                      *
                *              MODULE MAP              *
                *                                      *
                ****************************************


  DEFINED ABSOLUTE ENTRIES
  PROGRAM MODULE, NAME : ?ABS_ENTRY_MOD

Absolute parts
           ENTRY                   ADDRESS         REF BY
           =====                   =======         ======
           _..X_FLASH_BASE         00000058 
           _..X_RSTACK_SIZE        00000080 
           _..X_CSTACK_SIZE        00000080 
           _..X_HEAP_SIZE          00000010 
           _..X_EEPROM_END         000003FF 
           _..X_EXT_NV_END         00000060 
           _..X_EXT_NV_BASE        00000060 
           _..X_EXT_ROM_END        00000060 
           _..X_EXT_ROM_BASE       00000060 
           _..X_EXT_RSTACK_END     00000060 
           _..X_EXT_RSTACK_BASE    00000060 
           _..X_EXT_CSTACK_END     00000060 
           _..X_EXT_CSTACK_BASE    00000060 
           _..X_EXT_SRAM_END       00000060 
           _..X_EXT_SRAM_BASE      00000060 
           _..X_SRAM_END           0000085F 
           _..X_SRAM_TEND          000000FF 
           _..X_SRAM_BASE          00000060 
           _..X_FLASH_END          00007FFF 
           _..X_FLASH_NEND         00007FFF 
           _..X_INTVEC_SIZE        00000058 
    *************************************************************************

  FILE NAME : f:\Projects\[Drivers]\C\MROS\TestApps\PKernelTester\Release\Obj\Kernel.r90
  PROGRAM MODULE, NAME : Kernel

  SEGMENTS IN THE MODULE
  ======================
ABSOLUTE (ABS)
  Relative segment, address: DATA 00000052 - 00000052 (1 bytes), align: 0
  Segment part 1. ROOT.
           ENTRY                   ADDRESS         REF BY
           =====                   =======         ======
           _A_TCNT0                00000052 
    -------------------------------------------------------------------------
ABSOLUTE (ABS)
  Relative segment, address: DATA 0000005C - 0000005C (1 bytes), align: 0
  Segment part 2. ROOT.
           ENTRY                   ADDRESS         REF BY
           =====                   =======         ======
           _A_OCR0                 0000005C 
    -------------------------------------------------------------------------
NEAR_Z
  Relative segment, address: DATA 00000168 - 000001CF (68 bytes), align: 0
  Segment part 9.             Intra module refs:   KernelInitScheduler
                                                   KernelRunScheduler
                                                   SystemTimer
                                                   TaskToIndex
           ENTRY                   ADDRESS         REF BY
           =====                   =======         ======
           taskQueue               00000168        KernelCreateTask (TaskManagement)
                                                   KernelDeleteTask (TaskManagement)
                                                   KernelGetMessage (MessageQueue)
                                                   KernelPostMessage (MessageQueue)
                                                   KernelResumeTask (TaskManagement)
                                                   KernelSemaphoreSignal (Semaphore)
                                                   KernelSemaphoreWait (Semaphore)
                                                   KernelSleep (TaskManagement)
                                                   KernelSuspendTask (TaskManagement)
    -------------------------------------------------------------------------
NEAR_I
  Relative segment, address: DATA 00000160 - 00000167 (8 bytes), align: 0
  Segment part 11.            Intra module refs:   KernelRunScheduler
                                                   SystemTimer
           ENTRY                   ADDRESS         REF BY
           =====                   =======         ======
           currentTaskIndex        00000166        KernelGetMessage (MessageQueue)
                                                   KernelSemaphoreWait (Semaphore)
                                                   KernelSleep (TaskManagement)
           executionTimer          00000164 
           totalExecutionTime      00000160 
    -------------------------------------------------------------------------
CODE
  Relative segment, address: CODE 00000058 - 0000008B (34 bytes), align: 1
  Segment part 14.
           ENTRY                   ADDRESS         REF BY
           =====                   =======         ======
           KernelInitScheduler     00000058        main (main)
               non_banked function
               calls direct
               stack 1 = 00000000 ( 00000002 )
    -------------------------------------------------------------------------
CODE
  Relative segment, address: CODE 0000008C - 000001F1 (166 bytes), align: 1
  Segment part 15.
           ENTRY                   ADDRESS         REF BY
           =====                   =======         ======
           KernelRunScheduler      0000008C        main (main)
               non_banked function
               calls indirect
               stack 1 = 00000000 ( 00000002 )
               stack 2 = 00000000 ( 00000002 )
    -------------------------------------------------------------------------
CODE
  Relative segment, address: CODE 000001F2 - 0000023B (4a bytes), align: 1
  Segment part 16.            Intra module refs:   KernelInitScheduler
           ENTRY                   ADDRESS         REF BY
           =====                   =======         ======
           SystemTimer             000001F2 
               non_banked function
    -------------------------------------------------------------------------
CODE
  Relative segment, address: CODE 0000023C - 0000026F (34 bytes), align: 1
  Segment part 17.
           ENTRY                   ADDRESS         REF BY
           =====                   =======         ======
           TaskToIndex             0000023C        KernelCreateTask (TaskManagement)
                                                   KernelResumeTask (TaskManagement)
                                                   KernelSuspendTask (TaskManagement)
               non_banked function
    -------------------------------------------------------------------------
ABSOLUTE (ABS)
  Relative segment, address: DATA 0000001C, align: 0
  Segment part 3. ROOT.
           ENTRY                   ADDRESS         REF BY
           =====                   =======         ======
           __?EECR                 0000001C 
    -------------------------------------------------------------------------
ABSOLUTE (ABS)
  Relative segment, address: DATA 0000001D, align: 0
  Segment part 4. ROOT.
           ENTRY                   ADDRESS         REF BY
           =====                   =======         ======
           __?EEDR                 0000001D 
    -------------------------------------------------------------------------
ABSOLUTE (ABS)
  Relative segment, address: DATA 0000001E, align: 0
  Segment part 5. ROOT.
           ENTRY                   ADDRESS         REF BY
           =====                   =======         ======
           __?EEARL                0000001E 
    -------------------------------------------------------------------------
ABSOLUTE (ABS)
  Relative segment, address: DATA 0000001F, align: 0
  Segment part 6. ROOT.
           ENTRY                   ADDRESS         REF BY
           =====                   =======         ======
           __?EEARH                0000001F 
    -------------------------------------------------------------------------
INITTAB
  Relative segment, address: CODE 0000086A - 0000086F (6 bytes), align: 0
  Segment part 10.            Intra module refs:   Segment part 11 (Timer)
                                                   ledmsgs (main)
                                                   semaFlip (main)
                                                   taskQueue
           ENTRY                   ADDRESS         REF BY
           =====                   =======         ======
           ?<Segment init: NEAR_Z>
                                   0000086A 
    -------------------------------------------------------------------------
NEAR_ID
  Relative segment, address: CODE 00000876 - 0000087D (8 bytes), align: 0
  Segment part 12.            Intra module refs:   currentTaskIndex
    -------------------------------------------------------------------------
INITTAB
  Relative segment, address: CODE 00000870 - 00000875 (6 bytes), align: 0
  Segment part 13.            Intra module refs:   currentTaskIndex
           ENTRY                   ADDRESS         REF BY
           =====                   =======         ======
           ?<Segment init: NEAR_I>
                                   00000870 

    *************************************************************************

  FILE NAME : f:\Projects\[Drivers]\C\MROS\TestApps\PKernelTester\Release\Obj\main.r90
  PROGRAM MODULE, NAME : main

  SEGMENTS IN THE MODULE
  ======================
ABSOLUTE (ABS)
  Relative segment, address: DATA 00000037 - 00000037 (1 bytes), align: 0
  Segment part 1. ROOT.
           ENTRY                   ADDRESS         REF BY
           =====                   =======         ======
           _A_DDRB                 00000037 
    -------------------------------------------------------------------------
ABSOLUTE (ABS)
  Relative segment, address: DATA 00000038 - 00000038 (1 bytes), align: 0
  Segment part 2. ROOT.
           ENTRY                   ADDRESS         REF BY
           =====                   =======         ======
           _A_PORTB                00000038 
    -------------------------------------------------------------------------
ABSOLUTE (ABS)
  Relative segment, address: DATA 00000039 - 00000039 (1 bytes), align: 0
  Segment part 3. ROOT.
           ENTRY                   ADDRESS         REF BY
           =====                   =======         ======
           _A_PINA                 00000039 
    -------------------------------------------------------------------------
ABSOLUTE (ABS)
  Relative segment, address: DATA 0000003A - 0000003A (1 bytes), align: 0
  Segment part 4. ROOT.
           ENTRY                   ADDRESS         REF BY
           =====                   =======         ======
           _A_DDRA                 0000003A 
    -------------------------------------------------------------------------
NEAR_Z
  Relative segment, address: DATA 000001D0 - 000001DC (d bytes), align: 0
  Segment part 11.            Intra module refs:   AlternativeLedController
                                                   ledposter
           ENTRY                   ADDRESS         REF BY
           =====                   =======         ======
           ledmsgs                 000001D2 
    -------------------------------------------------------------------------
NEAR_Z
  Relative segment, address: DATA 000001DD - 000001E0 (4 bytes), align: 0
  Segment part 13.            Intra module refs:   AlternativeLedFlipper
                                                   AlternativeSwitchFlipper
           ENTRY                   ADDRESS         REF BY
           =====                   =======         ======
           semaFlip                000001E0 
    -------------------------------------------------------------------------
CODE
  Relative segment, address: CODE 00000270 - 00000271 (2 bytes), align: 1
  Segment part 14.            Intra module refs:   UserInput
           ENTRY                   ADDRESS         REF BY
           =====                   =======         ======
           workhard                00000270 
               non_banked function
    -------------------------------------------------------------------------
CODE
  Relative segment, address: CODE 00000272 - 00000283 (12 bytes), align: 1
  Segment part 15.            Intra module refs:   UserInput
                                                   main
           ENTRY                   ADDRESS         REF BY
           =====                   =======         ======
           blink                   00000272 
               non_banked function
               calls direct
               stack 1 = 00000000 ( 00000002 )
    -------------------------------------------------------------------------
CODE
  Relative segment, address: CODE 00000284 - 0000028F (c bytes), align: 1
  Segment part 16.            Intra module refs:   UserInput
           ENTRY                   ADDRESS         REF BY
           =====                   =======         ======
           LEDControl1             00000284 
               non_banked function
    -------------------------------------------------------------------------
CODE
  Relative segment, address: CODE 00000290 - 0000029B (c bytes), align: 1
  Segment part 17.            Intra module refs:   UserInput
           ENTRY                   ADDRESS         REF BY
           =====                   =======         ======
           LEDControl2             00000290 
               non_banked function
    -------------------------------------------------------------------------
CODE
  Relative segment, address: CODE 0000029C - 000002EB (50 bytes), align: 1
  Segment part 18.            Intra module refs:   main
           ENTRY                   ADDRESS         REF BY
           =====                   =======         ======
           UserInput               0000029C 
               non_banked function
               calls direct
               stack 1 = 00000000 ( 00000002 )
    -------------------------------------------------------------------------
CODE
  Relative segment, address: CODE 000002EC - 0000031B (30 bytes), align: 1
  Segment part 19.            Intra module refs:   main
           ENTRY                   ADDRESS         REF BY
           =====                   =======         ======
           ledposter               000002EC 
               non_banked function
               calls direct
               stack 1 = 00000000 ( 00000002 )
    -------------------------------------------------------------------------
CODE
  Relative segment, address: CODE 0000031C - 00000373 (58 bytes), align: 1
  Segment part 21.            Intra module refs:   main
           ENTRY                   ADDRESS         REF BY
           =====                   =======         ======
           AlternativeLedController
                                   0000031C 
               non_banked function
               calls direct
               stack 1 = 00000000 ( 00000002 )
               stack 2 = 00000000 ( 00000003 )
    -------------------------------------------------------------------------
CODE
  Relative segment, address: CODE 00000374 - 000003A7 (34 bytes), align: 1
  Segment part 23.            Intra module refs:   main
           ENTRY                   ADDRESS         REF BY
           =====                   =======         ======
           AlternativeLedFlipper   00000374 
               non_banked function
               calls direct
               stack 1 = 00000000 ( 00000002 )
    -------------------------------------------------------------------------
CODE
  Relative segment, address: CODE 000003A8 - 00000423 (7c bytes), align: 1
  Segment part 25.            Intra module refs:   main
           ENTRY                   ADDRESS         REF BY
           =====                   =======         ======
           AlternativeSwitchFlipper
                                   000003A8 
               non_banked function
               calls direct
               stack 1 = 00000000 ( 00000002 )
               stack 2 = 00000000 ( 00000002 )
    -------------------------------------------------------------------------
CODE
  Relative segment, address: CODE 00000424 - 00000467 (44 bytes), align: 1
  Segment part 26.
           ENTRY                   ADDRESS         REF BY
           =====                   =======         ======
           main                    00000424        ?cstartup_call_main (?C_STARTUP)
               non_banked function
               calls direct
               stack 1 = 00000000 ( 00000002 )

    *************************************************************************

  FILE NAME : f:\Projects\[Drivers]\C\MROS\TestApps\PKernelTester\Release\Obj\MessageQueue.r90
  PROGRAM MODULE, NAME : MessageQueue

  SEGMENTS IN THE MODULE
  ======================
CODE
  Relative segment, address: CODE 00000468 - 000004CD (66 bytes), align: 1
  Segment part 7.
           ENTRY                   ADDRESS         REF BY
           =====                   =======         ======
           KernelPostMessage       00000468        ledposter (main)
               non_banked function
    -------------------------------------------------------------------------
CODE
  Relative segment, address: CODE 000004CE - 00000535 (68 bytes), align: 1
  Segment part 8.
           ENTRY                   ADDRESS         REF BY
           =====                   =======         ======
           KernelGetMessage        000004CE        AlternativeLedController (main)
               non_banked function

    *************************************************************************

  FILE NAME : f:\Projects\[Drivers]\C\MROS\TestApps\PKernelTester\Release\Obj\Semaphore.r90
  PROGRAM MODULE, NAME : Semaphore

  SEGMENTS IN THE MODULE
  ======================
CODE
  Relative segment, address: CODE 00000536 - 00000575 (40 bytes), align: 1
  Segment part 7.
           ENTRY                   ADDRESS         REF BY
           =====                   =======         ======
           KernelSemaphoreWait     00000536        AlternativeLedFlipper (main)
               non_banked function
    -------------------------------------------------------------------------
CODE
  Relative segment, address: CODE 00000576 - 0000059F (2a bytes), align: 1
  Segment part 8.
           ENTRY                   ADDRESS         REF BY
           =====                   =======         ======
           KernelSemaphoreSignal   00000576        AlternativeSwitchFlipper (main)
               non_banked function

    *************************************************************************

  FILE NAME : f:\Projects\[Drivers]\C\MROS\TestApps\PKernelTester\Release\Obj\TaskManagement.r90
  PROGRAM MODULE, NAME : TaskManagement

  SEGMENTS IN THE MODULE
  ======================
CODE
  Relative segment, address: CODE 000005A0 - 000005FF (60 bytes), align: 1
  Segment part 7.
           ENTRY                   ADDRESS         REF BY
           =====                   =======         ======
           KernelCreateTask        000005A0        UserInput (main)
                                                   main (main)
               non_banked function
               calls direct
               stack 1 = 00000000 ( 00000002 )
               stack 2 = 00000000 ( 00000002 )
    -------------------------------------------------------------------------
CODE
  Relative segment, address: CODE 00000600 - 000006B7 (b8 bytes), align: 1
  Segment part 8.
           ENTRY                   ADDRESS         REF BY
           =====                   =======         ======
           KernelDeleteTask        00000600        UserInput (main)
               non_banked function
               stack 1 = 00000000 ( 00000002 )
    -------------------------------------------------------------------------
CODE
  Relative segment, address: CODE 000006B8 - 000006ED (36 bytes), align: 1
  Segment part 9.
           ENTRY                   ADDRESS         REF BY
           =====                   =======         ======
           KernelSuspendTask       000006B8        UserInput (main)
               non_banked function
               calls direct
               stack 1 = 00000000 ( 00000002 )
    -------------------------------------------------------------------------
CODE
  Relative segment, address: CODE 000006EE - 00000723 (36 bytes), align: 1
  Segment part 11.
           ENTRY                   ADDRESS         REF BY
           =====                   =======         ======
           KernelResumeTask        000006EE        UserInput (main)
               non_banked function
               calls direct
               stack 1 = 00000000 ( 00000002 )
    -------------------------------------------------------------------------
CODE
  Relative segment, address: CODE 00000724 - 00000751 (2e bytes), align: 1
  Segment part 13.
           ENTRY                   ADDRESS         REF BY
           =====                   =======         ======
           KernelSleep             00000724        AlternativeSwitchFlipper (main)
                                                   blink (main)
               non_banked function

    *************************************************************************

  FILE NAME : f:\Projects\[Drivers]\C\MROS\TestApps\PKernelTester\Release\Obj\Timer.r90
  PROGRAM MODULE, NAME : Timer

  SEGMENTS IN THE MODULE
  ======================
ABSOLUTE (ABS)
  Relative segment, address: DATA 00000053 - 00000053 (1 bytes), align: 0
  Segment part 1. ROOT.
           ENTRY                   ADDRESS         REF BY
           =====                   =======         ======
           _A_TCCR0                00000053 
    -------------------------------------------------------------------------
ABSOLUTE (ABS)
  Relative segment, address: DATA 00000059 - 00000059 (1 bytes), align: 0
  Segment part 2. ROOT.
           ENTRY                   ADDRESS         REF BY
           =====                   =======         ======
           _A_TIMSK                00000059 
    -------------------------------------------------------------------------
NEAR_Z
  Relative segment, address: DATA 000001E1 - 000001E4 (4 bytes), align: 0
  Segment part 11.            Intra module refs:   KernelInitTimer
                                                   KernelTimerInterruptHandler
    -------------------------------------------------------------------------
CODE
  Relative segment, address: CODE 00000752 - 00000769 (18 bytes), align: 1
  Segment part 13.
           ENTRY                   ADDRESS         REF BY
           =====                   =======         ======
           KernelInitTimer         00000752        KernelInitScheduler (Kernel)
               non_banked function
    -------------------------------------------------------------------------
CODE
  Relative segment, address: CODE 0000076A - 000007D3 (6a bytes), align: 1
  Segment part 15.            Intra module refs:   Segment part 8
           ENTRY                   ADDRESS         REF BY
           =====                   =======         ======
           KernelTimerInterruptHandler
                                   0000076A 
               interrupt, non_banked function
               calls indirect
               stack 1 = 00000000 ( 00000002 )
               stack 2 = 00000000 ( 0000000F )
    -------------------------------------------------------------------------
INTVEC
  Common segment, address: CODE 00000000 - 0000002B (2c bytes), align: 1
  Segment part 8. ROOT.

    *************************************************************************

  FILE NAME : C:\Program Files\IAR Systems\Ew23 Evaluation version\avr\lib\cl3s-ec-sf.r90
  PROGRAM MODULE, NAME : ?RESET

  SEGMENTS IN THE MODULE
  ======================
INTVEC
  Common segment, address: CODE 00000000 - 00000003 (4 bytes), align: 1
  Segment part 0. ROOT.

    -------------------------------------------------------------------------
  LIBRARY MODULE, NAME : ?C_STARTUP

  SEGMENTS IN THE MODULE
  ======================
CODE
  Relative segment, address: CODE 000007D4, align: 1
  Segment part 2.
           ENTRY                   ADDRESS         REF BY
           =====                   =======         ======
           ?C_STARTUP              000007D4        Segment part 0 (?RESET)
           __RESTART               000007D4 
    -------------------------------------------------------------------------
CODE
  Relative segment, address: CODE 000007D4 - 000007DF (c bytes), align: 1
  Segment part 4.             Intra module refs:   ?C_STARTUP
    -------------------------------------------------------------------------
CODE
  Relative segment, address: CODE 000007E0 - 000007E3 (4 bytes), align: 1
  Segment part 6.             Intra module refs:   Segment part 4
           ENTRY                   ADDRESS         REF BY
           =====                   =======         ======
           ?call_low_level_init    000007E0 
    -------------------------------------------------------------------------
CODE
  Relative segment, address: CODE 000007E4 - 000007EB (8 bytes), align: 1
  Segment part 7.
           ENTRY                   ADDRESS         REF BY
           =====                   =======         ======
           ?need_segment_init      000007E4        ?<Segment init: NEAR_I> (Kernel)
                                                   ?<Segment init: NEAR_Z> (Kernel)
    -------------------------------------------------------------------------
CODE
  Relative segment, address: CODE 000007EC - 000007F7 (c bytes), align: 1
  Segment part 8.             Intra module refs:   ?call_low_level_init
           ENTRY                   ADDRESS         REF BY
           =====                   =======         ======
           ?cstartup_call_main     000007EC 

    -------------------------------------------------------------------------
  LIBRARY MODULE, NAME : ?ML_SRAM_SRAM_L07

  SEGMENTS IN THE MODULE
  ======================
CODE
  Relative segment, address: CODE 000007F8 - 0000080F (18 bytes), align: 1
  Segment part 1.
           ENTRY                   ADDRESS         REF BY
           =====                   =======         ======
           ?ML_SRAM_SRAM_16_L07    000007F8        KernelDeleteTask (TaskManagement)

    -------------------------------------------------------------------------
  LIBRARY MODULE, NAME : low_level_init

  SEGMENTS IN THE MODULE
  ======================
CODE
  Relative segment, address: CODE 00000810 - 00000813 (4 bytes), align: 1
  Segment part 3.
           ENTRY                   ADDRESS         REF BY
           =====                   =======         ======
           __low_level_init        00000810        ?call_low_level_init (?C_STARTUP)
               non_banked function

    -------------------------------------------------------------------------
  LIBRARY MODULE, NAME : ?segment_init

  SEGMENTS IN THE MODULE
  ======================
CODE
  Relative segment, address: CODE 00000814 - 00000827 (14 bytes), align: 1
  Segment part 8.             Intra module refs:   __flashcpy
                                                   __segment_init
           ENTRY                   ADDRESS         REF BY
           =====                   =======         ======
           __memclr                00000814 
               non_banked function
    -------------------------------------------------------------------------
CODE
  Relative segment, address: CODE 00000828 - 0000082F (8 bytes), align: 1
  Segment part 9.             Intra module refs:   __segment_init
           ENTRY                   ADDRESS         REF BY
           =====                   =======         ======
           __flashcpy              00000828 
               non_banked function
    -------------------------------------------------------------------------
CODE
  Relative segment, address: CODE 00000830 - 00000863 (34 bytes), align: 1
  Segment part 10.
           ENTRY                   ADDRESS         REF BY
           =====                   =======         ======
           __segment_init          00000830        ?need_segment_init (?C_STARTUP)
               non_banked function
               calls direct
               stack 1 = 00000000 ( 00000002 )
    -------------------------------------------------------------------------
INITTAB
  Relative segment, address: CODE 00000876, align: 0
  Segment part 6.             Intra module refs:   __segment_init
           ENTRY                   ADDRESS         REF BY
           =====                   =======         ======
           ?<Segment part INITTAB>
                                   00000876 

    -------------------------------------------------------------------------
  LIBRARY MODULE, NAME : ?__exit

  SEGMENTS IN THE MODULE
  ======================
CODE
  Relative segment, address: CODE 00000864 - 00000869 (6 bytes), align: 1
  Segment part 0.
           ENTRY                   ADDRESS         REF BY
           =====                   =======         ======
           __exit                  00000866 
           ?C_EXIT                 00000866 
           ?C_FUNCALL              00000864 
           _exit                   00000864        ?cstartup_call_main (?C_STARTUP)
           exit                    00000864        ?cstartup_call_main (?C_STARTUP)

    *************************************************************************

  DEFINED ABSOLUTE ENTRIES
  PROGRAM MODULE, NAME : ?FILLER_BYTES

  SEGMENTS IN THE MODULE
  ======================
INTVEC
  Common segment, address: CODE 00000000 - 0000002B (2c bytes), align: 0
  Segment part 1.
    -------------------------------------------------------------------------
?FILL1
  Relative segment, address: CODE 0000002C - 00000057 (2c bytes), align: 0
  Segment part 0.




                ****************************************
                *                                      *
                *      SEGMENTS IN ADDRESS ORDER       *
                *                                      *
                ****************************************


SEGMENT              SPACE   START ADDRESS    END ADDRESS      SIZE  TYPE  ALIGN
=======              =====   =============    ===========      ====  ====  =====
INTVEC               CODE         00000000 - 0000002B            2C   com    1
?FILL1               CODE         0000002C - 00000057            2C   rel    0
CODE                 CODE         00000058 - 00000869           812   rel    1
INITTAB              CODE         0000086A - 00000875             C   rel    0
NEAR_ID              CODE         00000876 - 0000087D             8   rel    0
ABSOLUTE (ABS)       DATA              0000001C                       rel    0
                     DATA              0000001D                     
                     DATA              0000001E                     
                     DATA              0000001F                     
                     DATA         00000037 - 00000037             1 
                     DATA         00000038 - 00000038             1 
                     DATA         00000039 - 00000039             1 
                     DATA         0000003A - 0000003A             1 
                     DATA         00000052 - 00000052             1 
                     DATA         00000053 - 00000053             1 
                     DATA         00000059 - 00000059             1 
                     DATA         0000005C - 0000005C             1 
CSTACK               DATA         00000060 - 000000DF            80   dse    0
RSTACK               DATA         000000E0 - 0000015F            80   dse    0
NEAR_I               DATA         00000160 - 00000167             8   rel    0
NEAR_Z               DATA         00000168 - 000001E4            7D   rel    0

                ****************************************
                *                                      *
                *        END OF CROSS REFERENCE        *
                *                                      *
                ****************************************

 2 130 bytes of CODE memory (44 range fill)
   397 bytes of DATA memory

Errors: none
Warnings: none

