##############################################################################
#                                                                            #
# IAR Atmel AVR C/EC++ Compiler V2.28A/WIN, Evaluation Version16/Nov/2007  01:05:55 #
# Copyright 1996-2002 IAR Systems. All rights reserved.                      #
#                                                                            #
#    Source file  =  f:\Projects\[Drivers]\C\MROS\Network\App.c              #
#    Command line =  --cpu=m32 -ms -o f:\Projects\[Drivers]\C\MROS\TestApps\ #
#                    NetworkTester\Release\Obj\ -I "C:\Program Files\IAR     #
#                    Systems\Ew23 Evaluation version\avr\SRC\CLIB\INC\" -I   #
#                    f:\Projects\[Drivers]\C\MROS\TestApps\NetworkTester\    #
#                    -I f:\Projects\[Drivers]\C\MROS\ -I                     #
#                    f:\Projects\[Drivers]\C\MROS\Network\ -lC               #
#                    f:\Projects\[Drivers]\C\MROS\TestApps\NetworkTester\Rel #
#                    ease\List\ -e --initializers_in_flash -s9 --debug       #
#                    -DENABLE_BIT_DEFINITIONS f:\Projects\[Drivers]\C\MROS\N #
#                    etwork\App.c                                            #
#    List file    =  f:\Projects\[Drivers]\C\MROS\TestApps\NetworkTester\Rel #
#                    ease\List\App.lst                                       #
#    Object file  =  f:\Projects\[Drivers]\C\MROS\TestApps\NetworkTester\Rel #
#                    ease\Obj\App.r90                                        #
#                                                                            #
#                                                                            #
##############################################################################

 
 

Errors: none
Warnings: none
