################################################################################
#                                                                              #
#      IAR Universal Linker V4.53O/WIN                                         #
#                                                                              #
#           Link time     =  04/Dec/2007  21:44:24                             #
#           Target CPU    =  A90                                               #
#           List file     =  f:\Projects\[Drivers]\C\MROS\TestApps\NetworkTest #
#                            er\Release\List\NetworkTester.map                 #
#           Output file 1 =  f:\Projects\[Drivers]\C\MROS\TestApps\NetworkTest #
#                            er\Release\Exe\NetworkTester.a90                  #
#                            Format: intel-standard                            #
#           Command line  =  f:\Projects\[Drivers]\C\MROS\TestApps\NetworkTest #
#                            er\Release\Obj\App.r90                            #
#                            f:\Projects\[Drivers]\C\MROS\TestApps\NetworkTest #
#                            er\Release\Obj\ARP.r90                            #
#                            f:\Projects\[Drivers]\C\MROS\TestApps\NetworkTest #
#                            er\Release\Obj\Assist.r90                         #
#                            f:\Projects\[Drivers]\C\MROS\TestApps\NetworkTest #
#                            er\Release\Obj\Ethernet.r90                       #
#                            f:\Projects\[Drivers]\C\MROS\TestApps\NetworkTest #
#                            er\Release\Obj\ICMP.r90                           #
#                            f:\Projects\[Drivers]\C\MROS\TestApps\NetworkTest #
#                            er\Release\Obj\IP.r90                             #
#                            f:\Projects\[Drivers]\C\MROS\TestApps\NetworkTest #
#                            er\Release\Obj\Kernel.r90                         #
#                            f:\Projects\[Drivers]\C\MROS\TestApps\NetworkTest #
#                            er\Release\Obj\main.r90                           #
#                            f:\Projects\[Drivers]\C\MROS\TestApps\NetworkTest #
#                            er\Release\Obj\Network.r90                        #
#                            f:\Projects\[Drivers]\C\MROS\TestApps\NetworkTest #
#                            er\Release\Obj\NIC_ENC28J60.r90                   #
#                            f:\Projects\[Drivers]\C\MROS\TestApps\NetworkTest #
#                            er\Release\Obj\SPI.r90                            #
#                            f:\Projects\[Drivers]\C\MROS\TestApps\NetworkTest #
#                            er\Release\Obj\TaskManagement.r90                 #
#                            f:\Projects\[Drivers]\C\MROS\TestApps\NetworkTest #
#                            er\Release\Obj\Timer.r90                          #
#                            f:\Projects\[Drivers]\C\MROS\TestApps\NetworkTest #
#                            er\Release\Obj\UART.r90                           #
#                            f:\Projects\[Drivers]\C\MROS\TestApps\NetworkTest #
#                            er\Release\Obj\UDP.r90                            #
#                            "C:\Program Files\IAR Systems\Ew23 Evaluation ver #
#                            sion\avr\lib\cl3s-ec-sf.r90"                      #
#                            -o                                                #
#                            f:\Projects\[Drivers]\C\MROS\TestApps\NetworkTest #
#                            er\Release\Exe\NetworkTester.a90                  #
#                            -Fintel-standard -l                               #
#                            f:\Projects\[Drivers]\C\MROS\TestApps\NetworkTest #
#                            er\Release\List\NetworkTester.map                 #
#                            -xes                                              #
#                            "-IC:\Program Files\IAR Systems\Ew23 Evaluation v #
#                            ersion\avr\LIB\"                                  #
#                            -f                                                #
#                            "C:\Program Files\IAR Systems\Ew23 Evaluation ver #
#                            sion\avr\src\template\cfgm32.xcl"                 #
#                            (-D_..X_INTVEC_SIZE=58 -D_..X_FLASH_NEND=7FFF     #
#                            -D_..X_FLASH_END=7FFF -D_..X_SRAM_BASE=60         #
#                            -D_..X_SRAM_TEND=FF -D_..X_SRAM_END=85F           #
#                            -D_..X_EXT_SRAM_BASE=_..X_SRAM_BASE               #
#                            -D_..X_EXT_SRAM_END=_..X_SRAM_BASE                #
#                            -D_..X_EXT_CSTACK_BASE=_..X_SRAM_BASE             #
#                            -D_..X_EXT_CSTACK_END=_..X_SRAM_BASE              #
#                            -D_..X_EXT_RSTACK_BASE=_..X_SRAM_BASE             #
#                            -D_..X_EXT_RSTACK_END=_..X_SRAM_BASE              #
#                            -D_..X_EXT_ROM_BASE=_..X_SRAM_BASE                #
#                            -D_..X_EXT_ROM_END=_..X_SRAM_BASE                 #
#                            -D_..X_EXT_NV_BASE=_..X_SRAM_BASE                 #
#                            -D_..X_EXT_NV_END=_..X_SRAM_BASE                  #
#                            -D_..X_EEPROM_END=3FF) -D_..X_HEAP_SIZE=10        #
#                            -D_..X_CSTACK_SIZE=80 -D_..X_RSTACK_SIZE=80       #
#                            -e_small_write=_formatted_write                   #
#                            -e_medium_read=_formatted_read -f                 #
#                            "C:\Program Files\IAR Systems\Ew23 Evaluation ver #
#                            sion\avr\src\template\cfg3s.xcl"                  #
#                            (-ca90 -w29                                       #
#                            -Z(CODE)INTVEC=0-(_..X_INTVEC_SIZE-1)             #
#                            -Z(CODE)TINY_F=_..X_FLASH_BASE-FF                 #
#                            -Z(CODE)NEAR_F=_..X_FLASH_BASE-_..X_FLASH_NEND    #
#                            -Z(CODE)SWITCH=_..X_FLASH_BASE-_..X_FLASH_NEND    #
#                            -Z(CODE)DIFUNCT=_..X_FLASH_BASE-_..X_FLASH_NEND   #
#                            -Z(CODE)CODE=_..X_FLASH_BASE-_..X_FLASH_END       #
#                            -Z(CODE)FAR_F=[_..X_FLASH_BASE-_..X_FLASH_END]/10 #
#                            000                                               #
#                            -Z(CODE)INITTAB=[_..X_FLASH_BASE-_..X_FLASH_END]/ #
#                            10000                                             #
#                            -Z(CODE)HUGE_F=_..X_FLASH_BASE-_..X_FLASH_END     #
#                            -Z(CODE)TINY_ID=_..X_FLASH_BASE-_..X_FLASH_END    #
#                            -Z(CODE)NEAR_ID=_..X_FLASH_BASE-_..X_FLASH_END    #
#                            -Z(CODE)CHECKSUM=_..X_FLASH_BASE-_..X_FLASH_END   #
#                            -Z(DATA)TINY_I,TINY_Z,TINY_N=_..X_SRAM_BASE-_..X_ #
#                            SRAM_TEND                                         #
#                            -Z(DATA)CSTACK+_..X_CSTACK_SIZE=_..X_SRAM_BASE-_. #
#                            .X_SRAM_END,_..X_EXT_CSTACK_BASE-_..X_EXT_CSTACK_ #
#                            END                                               #
#                            -Z(DATA)HEAP+_..X_HEAP_SIZE=_..X_SRAM_BASE-_..X_S #
#                            RAM_END,_..X_EXT_SRAM_BASE-_..X_EXT_SRAM_END      #
#                            -Z(DATA)RSTACK+_..X_RSTACK_SIZE=_..X_SRAM_BASE-_. #
#                            .X_SRAM_END,_..X_EXT_RSTACK_BASE-_..X_EXT_RSTACK_ #
#                            END                                               #
#                            -Z(DATA)NEAR_I,NEAR_Z=_..X_SRAM_BASE-_..X_SRAM_EN #
#                            D,_..X_EXT_SRAM_BASE-_..X_EXT_SRAM_END            #
#                            -Z(DATA)NEAR_C=_..X_EXT_ROM_BASE-_..X_EXT_ROM_END #
#                            -Z(DATA)NEAR_N=_..X_EXT_NV_BASE-_..X_EXT_NV_END   #
#                            -Z(XDATA)EEPROM_I,EEPROM_N=1-_..X_EEPROM_END)     #
#                            -D_..X_FLASH_BASE=_..X_INTVEC_SIZE -H1895         #
#                            -h(CODE)0-(_..X_INTVEC_SIZE-1)                    #
#                                                                              #
#                        Copyright 1987-2002 IAR Systems. All rights reserved. #
################################################################################





                ****************************************
                *                                      *
                *           CROSS REFERENCE            *
                *                                      *
                ****************************************

                  There are no program entries.




                ****************************************
                *                                      *
                *            RUNTIME MODEL             *
                *                                      *
                ****************************************

  R10             = REG
  R11             = REG
  R4              = REG
  R5              = REG
  R6              = REG
  R7              = REG
  R8              = REG
  R9              = REG
  __64bit_doubles = disabled
  __cpu           = 3
  __cpu_name      = AT90Mega32
  __enhanced_core = enabled
  __has_elpm      = false
  __memory_model  = 2
  __rt_version    = 2.30

                ****************************************
                *                                      *
                *              ENTRY LIST              *
                *                                      *
                ****************************************

?ABS_ENTRY_MOD
  _..X_FLASH_BASE                  CODE      00000058 
  _..X_RSTACK_SIZE                 CODE      00000080 
  _..X_CSTACK_SIZE                 CODE      00000080 
  _..X_HEAP_SIZE                   CODE      00000010 
  _..X_EEPROM_END                  CODE      000003FF 
  _..X_EXT_NV_END                  CODE      00000060 
  _..X_EXT_NV_BASE                 CODE      00000060 
  _..X_EXT_ROM_END                 CODE      00000060 
  _..X_EXT_ROM_BASE                CODE      00000060 
  _..X_EXT_RSTACK_END              CODE      00000060 
  _..X_EXT_RSTACK_BASE             CODE      00000060 
  _..X_EXT_CSTACK_END              CODE      00000060 
  _..X_EXT_CSTACK_BASE             CODE      00000060 
  _..X_EXT_SRAM_END                CODE      00000060 
  _..X_EXT_SRAM_BASE               CODE      00000060 
  _..X_SRAM_END                    CODE      0000085F 
  _..X_SRAM_TEND                   CODE      000000FF 
  _..X_SRAM_BASE                   CODE      00000060 
  _..X_FLASH_END                   CODE      00007FFF 
  _..X_FLASH_NEND                  CODE      00007FFF 
  _..X_INTVEC_SIZE                 CODE      00000058 
App ( f:\Projects\[Drivers]\C\MROS\TestApps\NetworkTester\Release\Obj\App.r90 )
  __?EECR                          DATA      0000001C 
  __?EEDR                          DATA      0000001D 
  __?EEARL                         DATA      0000001E 
  __?EEARH                         DATA      0000001F 
ARP ( f:\Projects\[Drivers]\C\MROS\TestApps\NetworkTester\Release\Obj\ARP.r90 )
  ?<Segment init: NEAR_Z>          CODE      00000762 
AssistFunctions ( f:\Projects\[Drivers]\C\MROS\TestApps\NetworkTester\Release\Obj\Assist.r90 )
  GetShort                         CODE      0000006E 
  GetLong                          CODE      00000076 
  PutShort                         CODE      00000082 
  PutLong                          CODE      0000008A 
  MemCpy                           CODE      00000096 
  MemCpyR                          CODE      000000AE 
  Swap                             CODE      000000CE 
  Clear                            CODE      000000EA 
  OnesComplementChecksum           CODE      000000FC 
Ethernet ( f:\Projects\[Drivers]\C\MROS\TestApps\NetworkTester\Release\Obj\Ethernet.r90 )
ICMP ( f:\Projects\[Drivers]\C\MROS\TestApps\NetworkTester\Release\Obj\ICMP.r90 )
IP ( f:\Projects\[Drivers]\C\MROS\TestApps\NetworkTester\Release\Obj\IP.r90 )
Kernel ( f:\Projects\[Drivers]\C\MROS\TestApps\NetworkTester\Release\Obj\Kernel.r90 )
  _A_TCNT0                         DATA      00000052 
  _A_OCR0                          DATA      0000005C 
  taskQueue                        DATA      0000016F 
  currentTaskIndex                 DATA      00000166 
  executionTimer                   DATA      00000164 
  totalExecutionTime               DATA      00000160 
  Kernel_InitScheduler             CODE      0000012A 
  Kernel_RunScheduler              CODE      0000015E 
  SystemTimer                      CODE      000002C4 
  TaskToIndex                      CODE      0000030E 
  ?<Segment init: NEAR_I>          CODE      00000768 
  Kernel_RunScheduler::tcnt        DATA      00000167   LOCAL
main ( f:\Projects\[Drivers]\C\MROS\TestApps\NetworkTester\Release\Obj\main.r90 )
  _A_DDRB                          DATA      00000037 
  _A_PORTB                         DATA      00000038 
  txt                              CODE      00000058 
  txtRevision                      CODE      0000005F 
  dummy                            CODE      00000342 
  main                             CODE      00000344 
Network ( f:\Projects\[Drivers]\C\MROS\TestApps\NetworkTester\Release\Obj\Network.r90 )
NIC_ENC28J60 ( f:\Projects\[Drivers]\C\MROS\TestApps\NetworkTester\Release\Obj\NIC_ENC28J60.r90 )
  mac                              DATA      00000169 
  GetVersion                       CODE      00000396 
  NIC_Init                         CODE      0000039A 
  ReadRegister                     CODE      0000046C 
  WriteRegister                    CODE      0000049E 
  WriteWideRegister                CODE      000004C0 
  SetBits                          CODE      0000050A 
  ClearBits                        CODE      0000052C 
  SelectBank                       CODE      0000054E 
  selectedBank                     DATA      00000168   LOCAL
SPI ( f:\Projects\[Drivers]\C\MROS\TestApps\NetworkTester\Release\Obj\SPI.r90 )
  _A_SPCR                          DATA      0000002D 
  _A_SPSR                          DATA      0000002E 
  _A_SPDR                          DATA      0000002F 
  SPI_Init                         CODE      0000057E 
  SPI_Transfer                     CODE      0000059E 
TaskManagement ( f:\Projects\[Drivers]\C\MROS\TestApps\NetworkTester\Release\Obj\TaskManagement.r90 )
  Kernel_CreateTask                CODE      000005A8 
Timer ( f:\Projects\[Drivers]\C\MROS\TestApps\NetworkTester\Release\Obj\Timer.r90 )
  _A_TCCR0                         DATA      00000053 
  _A_TIMSK                         DATA      00000059 
  Kernel_InitTimer                 CODE      00000608 
  Kernel_Delay                     CODE      00000620 
  Kernel_TimerInterruptHandler     CODE      0000063C 
  timerEventHandler                DATA      000001D9   LOCAL
  timerTicks                       DATA      000001D7   LOCAL
UART ( f:\Projects\[Drivers]\C\MROS\TestApps\NetworkTester\Release\Obj\UART.r90 )
  _A_UBRRL                         DATA      00000029 
  _A_UCSRB                         DATA      0000002A 
  _A_UCSRA                         DATA      0000002B 
  _A_UDR                           DATA      0000002C 
  _A_UBRRH                         DATA      00000040 
  UART_Init                        CODE      000006A6 
  UART_WriteByte                   CODE      000006B4 
  UART_WriteString_P               CODE      000006BC 
UDP ( f:\Projects\[Drivers]\C\MROS\TestApps\NetworkTester\Release\Obj\UDP.r90 )
?RESET ( C:\Program Files\IAR Systems\Ew23 Evaluation version\avr\lib\cl3s-ec-sf.r90 )
?C_STARTUP ( C:\Program Files\IAR Systems\Ew23 Evaluation version\avr\lib\cl3s-ec-sf.r90 )
  ?C_STARTUP                       CODE      000006E4 
  __RESTART                        CODE      000006E4 
  ?call_low_level_init             CODE      000006F0 
  ?need_segment_init               CODE      000006F4 
  ?cstartup_call_main              CODE      000006FC 
?UC_DIVMOD_L01 ( C:\Program Files\IAR Systems\Ew23 Evaluation version\avr\lib\cl3s-ec-sf.r90 )
?US_DIVMOD_L02 ( C:\Program Files\IAR Systems\Ew23 Evaluation version\avr\lib\cl3s-ec-sf.r90 )
?ML_SRAM_SRAM_L07 ( C:\Program Files\IAR Systems\Ew23 Evaluation version\avr\lib\cl3s-ec-sf.r90 )
?ML_FLASH_SRAM_L07 ( C:\Program Files\IAR Systems\Ew23 Evaluation version\avr\lib\cl3s-ec-sf.r90 )
?REGISTER_CGREGR4_L10 ( C:\Program Files\IAR Systems\Ew23 Evaluation version\avr\lib\cl3s-ec-sf.r90 )
?REGISTER_CGREGR5_L10 ( C:\Program Files\IAR Systems\Ew23 Evaluation version\avr\lib\cl3s-ec-sf.r90 )
?REGISTER_CGREGR6_L10 ( C:\Program Files\IAR Systems\Ew23 Evaluation version\avr\lib\cl3s-ec-sf.r90 )
?REGISTER_CGREGR7_L10 ( C:\Program Files\IAR Systems\Ew23 Evaluation version\avr\lib\cl3s-ec-sf.r90 )
?REGISTER_CGREGR8_L10 ( C:\Program Files\IAR Systems\Ew23 Evaluation version\avr\lib\cl3s-ec-sf.r90 )
?REGISTER_CGREGR9_L10 ( C:\Program Files\IAR Systems\Ew23 Evaluation version\avr\lib\cl3s-ec-sf.r90 )
?REGISTER_CGREGR10_L10 ( C:\Program Files\IAR Systems\Ew23 Evaluation version\avr\lib\cl3s-ec-sf.r90 )
?REGISTER_CGREGR11_L10 ( C:\Program Files\IAR Systems\Ew23 Evaluation version\avr\lib\cl3s-ec-sf.r90 )
low_level_init ( C:\Program Files\IAR Systems\Ew23 Evaluation version\avr\lib\cl3s-ec-sf.r90 )
  __low_level_init                 CODE      00000708 
?segment_init ( C:\Program Files\IAR Systems\Ew23 Evaluation version\avr\lib\cl3s-ec-sf.r90 )
  __memclr                         CODE      0000070C 
  __flashcpy                       CODE      00000720 
  __segment_init                   CODE      00000728 
  ?<Segment part INITTAB>          CODE      0000076E 
?__exit ( C:\Program Files\IAR Systems\Ew23 Evaluation version\avr\lib\cl3s-ec-sf.r90 )
  __exit                           CODE      0000075E 
  ?C_EXIT                          CODE      0000075E 
  ?C_FUNCALL                       CODE      0000075C 
  _exit                            CODE      0000075C 
  exit                             CODE      0000075C 
?FILLER_BYTES



                ****************************************
                *                                      *
                *      SEGMENTS IN ADDRESS ORDER       *
                *                                      *
                ****************************************


SEGMENT              SPACE   START ADDRESS    END ADDRESS      SIZE  TYPE  ALIGN
=======              =====   =============    ===========      ====  ====  =====
INTVEC               CODE         00000000 - 0000002B            2C   com    1
?FILL1               CODE         0000002C - 00000057            2C   rel    0
NEAR_F               CODE         00000058 - 0000006D            16   rel    0
CODE                 CODE         0000006E - 00000761           6F4   rel    1
INITTAB              CODE         00000762 - 0000076D             C   rel    0
NEAR_ID              CODE         0000076E - 0000077C             F   rel    0
ABSOLUTE (ABS)       DATA              0000001C                       rel    0
                     DATA              0000001D                     
                     DATA              0000001E                     
                     DATA              0000001F                     
                     DATA         00000029 - 00000029             1 
                     DATA         0000002A - 0000002A             1 
                     DATA         0000002B - 0000002B             1 
                     DATA         0000002C - 0000002C             1 
                     DATA         0000002D - 0000002D             1 
                     DATA         0000002E - 0000002E             1 
                     DATA         0000002F - 0000002F             1 
                     DATA         00000037 - 00000037             1 
                     DATA         00000038 - 00000038             1 
                     DATA         00000040 - 00000040             1 
                     DATA         00000052 - 00000052             1 
                     DATA         00000053 - 00000053             1 
                     DATA         00000059 - 00000059             1 
                     DATA         0000005C - 0000005C             1 
CSTACK               DATA         00000060 - 000000DF            80   dse    0
RSTACK               DATA         000000E0 - 0000015F            80   dse    0
NEAR_I               DATA         00000160 - 0000016E             F   rel    0
NEAR_Z               DATA         0000016F - 000001DA            6C   rel    0

                ****************************************
                *                                      *
                *        END OF CROSS REFERENCE        *
                *                                      *
                ****************************************

 1 873 bytes of CODE memory (44 range fill)
   393 bytes of DATA memory

Errors: none
Warnings: none

