################################################################################
#                                                                              #
#      IAR Universal Linker V4.53O/WIN                                         #
#                                                                              #
#           Link time     =  30/Nov/2007  23:47:26                             #
#           Target CPU    =  A90                                               #
#           List file     =  f:\Projects\[Drivers]\C\MROS\TestApps\MenuTester\ #
#                            Release\List\MenuTester.map                       #
#           Output file 1 =  f:\Projects\[Drivers]\C\MROS\TestApps\MenuTester\ #
#                            Release\Exe\MenuTester.a90                        #
#                            Format: intel-standard                            #
#           Command line  =  f:\Projects\[Drivers]\C\MROS\TestApps\MenuTester\ #
#                            Release\Obj\Kernel.r90                            #
#                            f:\Projects\[Drivers]\C\MROS\TestApps\MenuTester\ #
#                            Release\Obj\main.r90                              #
#                            f:\Projects\[Drivers]\C\MROS\TestApps\MenuTester\ #
#                            Release\Obj\Menu.r90                              #
#                            f:\Projects\[Drivers]\C\MROS\TestApps\MenuTester\ #
#                            Release\Obj\MessageQueue.r90                      #
#                            f:\Projects\[Drivers]\C\MROS\TestApps\MenuTester\ #
#                            Release\Obj\TaskManagement.r90                    #
#                            f:\Projects\[Drivers]\C\MROS\TestApps\MenuTester\ #
#                            Release\Obj\Timer.r90                             #
#                            f:\Projects\[Drivers]\C\MROS\TestApps\MenuTester\ #
#                            Release\Obj\UART.r90                              #
#                            C:\PROGRA~1\IARSYS~1\EW23EV~1\avr\lib\cl3s-ec-sf. #
#                            r90                                               #
#                            -o                                                #
#                            f:\Projects\[Drivers]\C\MROS\TestApps\MenuTester\ #
#                            Release\Exe\MenuTester.a90                        #
#                            -Fintel-standard -l                               #
#                            f:\Projects\[Drivers]\C\MROS\TestApps\MenuTester\ #
#                            Release\List\MenuTester.map                       #
#                            -xms -IC:\PROGRA~1\IARSYS~1\EW23EV~1\avr\LIB\     #
#                            -f                                                #
#                            C:\PROGRA~1\IARSYS~1\EW23EV~1\avr\src\template\cf #
#                            gm32.xcl                                          #
#                            (-D_..X_INTVEC_SIZE=58 -D_..X_FLASH_NEND=7FFF     #
#                            -D_..X_FLASH_END=7FFF -D_..X_SRAM_BASE=60         #
#                            -D_..X_SRAM_TEND=FF -D_..X_SRAM_END=85F           #
#                            -D_..X_EXT_SRAM_BASE=_..X_SRAM_BASE               #
#                            -D_..X_EXT_SRAM_END=_..X_SRAM_BASE                #
#                            -D_..X_EXT_CSTACK_BASE=_..X_SRAM_BASE             #
#                            -D_..X_EXT_CSTACK_END=_..X_SRAM_BASE              #
#                            -D_..X_EXT_RSTACK_BASE=_..X_SRAM_BASE             #
#                            -D_..X_EXT_RSTACK_END=_..X_SRAM_BASE              #
#                            -D_..X_EXT_ROM_BASE=_..X_SRAM_BASE                #
#                            -D_..X_EXT_ROM_END=_..X_SRAM_BASE                 #
#                            -D_..X_EXT_NV_BASE=_..X_SRAM_BASE                 #
#                            -D_..X_EXT_NV_END=_..X_SRAM_BASE                  #
#                            -D_..X_EEPROM_END=3FF) -D_..X_HEAP_SIZE=10        #
#                            -D_..X_CSTACK_SIZE=20 -D_..X_RSTACK_SIZE=14       #
#                            -e_small_write=_formatted_write                   #
#                            -e_medium_read=_formatted_read -f                 #
#                            C:\PROGRA~1\IARSYS~1\EW23EV~1\avr\src\template\cf #
#                            g3s.xcl                                           #
#                            (-ca90 -w29                                       #
#                            -Z(CODE)INTVEC=0-(_..X_INTVEC_SIZE-1)             #
#                            -Z(CODE)TINY_F=_..X_FLASH_BASE-FF                 #
#                            -Z(CODE)NEAR_F=_..X_FLASH_BASE-_..X_FLASH_NEND    #
#                            -Z(CODE)SWITCH=_..X_FLASH_BASE-_..X_FLASH_NEND    #
#                            -Z(CODE)DIFUNCT=_..X_FLASH_BASE-_..X_FLASH_NEND   #
#                            -Z(CODE)CODE=_..X_FLASH_BASE-_..X_FLASH_END       #
#                            -Z(CODE)FAR_F=[_..X_FLASH_BASE-_..X_FLASH_END]/10 #
#                            000                                               #
#                            -Z(CODE)INITTAB=[_..X_FLASH_BASE-_..X_FLASH_END]/ #
#                            10000                                             #
#                            -Z(CODE)HUGE_F=_..X_FLASH_BASE-_..X_FLASH_END     #
#                            -Z(CODE)TINY_ID=_..X_FLASH_BASE-_..X_FLASH_END    #
#                            -Z(CODE)NEAR_ID=_..X_FLASH_BASE-_..X_FLASH_END    #
#                            -Z(CODE)CHECKSUM=_..X_FLASH_BASE-_..X_FLASH_END   #
#                            -Z(DATA)TINY_I,TINY_Z,TINY_N=_..X_SRAM_BASE-_..X_ #
#                            SRAM_TEND                                         #
#                            -Z(DATA)CSTACK+_..X_CSTACK_SIZE=_..X_SRAM_BASE-_. #
#                            .X_SRAM_END,_..X_EXT_CSTACK_BASE-_..X_EXT_CSTACK_ #
#                            END                                               #
#                            -Z(DATA)HEAP+_..X_HEAP_SIZE=_..X_SRAM_BASE-_..X_S #
#                            RAM_END,_..X_EXT_SRAM_BASE-_..X_EXT_SRAM_END      #
#                            -Z(DATA)RSTACK+_..X_RSTACK_SIZE=_..X_SRAM_BASE-_. #
#                            .X_SRAM_END,_..X_EXT_RSTACK_BASE-_..X_EXT_RSTACK_ #
#                            END                                               #
#                            -Z(DATA)NEAR_I,NEAR_Z=_..X_SRAM_BASE-_..X_SRAM_EN #
#                            D,_..X_EXT_SRAM_BASE-_..X_EXT_SRAM_END            #
#                            -Z(DATA)NEAR_C=_..X_EXT_ROM_BASE-_..X_EXT_ROM_END #
#                            -Z(DATA)NEAR_N=_..X_EXT_NV_BASE-_..X_EXT_NV_END   #
#                            -Z(XDATA)EEPROM_I,EEPROM_N=1-_..X_EEPROM_END)     #
#                            -D_..X_FLASH_BASE=_..X_INTVEC_SIZE -H1895         #
#                            -h(CODE)0-(_..X_INTVEC_SIZE-1)                    #
#                                                                              #
#                        Copyright 1987-2002 IAR Systems. All rights reserved. #
################################################################################





                ****************************************
                *                                      *
                *           CROSS REFERENCE            *
                *                                      *
                ****************************************

                  There are no program entries.




                ****************************************
                *                                      *
                *            RUNTIME MODEL             *
                *                                      *
                ****************************************

  __64bit_doubles = disabled
  __cpu           = 3
  __cpu_name      = AT90Mega32
  __enhanced_core = enabled
  __has_elpm      = false
  __memory_model  = 2
  __rt_version    = 2.30



                ****************************************
                *                                      *
                *              MODULE MAP              *
                *                                      *
                ****************************************


  DEFINED ABSOLUTE ENTRIES
  PROGRAM MODULE, NAME : ?ABS_ENTRY_MOD

Absolute parts
           ENTRY                   ADDRESS         REF BY
           =====                   =======         ======
           _..X_FLASH_BASE         00000058 
           _..X_RSTACK_SIZE        00000014 
           _..X_CSTACK_SIZE        00000020 
           _..X_HEAP_SIZE          00000010 
           _..X_EEPROM_END         000003FF 
           _..X_EXT_NV_END         00000060 
           _..X_EXT_NV_BASE        00000060 
           _..X_EXT_ROM_END        00000060 
           _..X_EXT_ROM_BASE       00000060 
           _..X_EXT_RSTACK_END     00000060 
           _..X_EXT_RSTACK_BASE    00000060 
           _..X_EXT_CSTACK_END     00000060 
           _..X_EXT_CSTACK_BASE    00000060 
           _..X_EXT_SRAM_END       00000060 
           _..X_EXT_SRAM_BASE      00000060 
           _..X_SRAM_END           0000085F 
           _..X_SRAM_TEND          000000FF 
           _..X_SRAM_BASE          00000060 
           _..X_FLASH_END          00007FFF 
           _..X_FLASH_NEND         00007FFF 
           _..X_INTVEC_SIZE        00000058 
    *************************************************************************

  FILE NAME : f:\Projects\[Drivers]\C\MROS\TestApps\MenuTester\Release\Obj\Kernel.r90
  PROGRAM MODULE, NAME : Kernel

  SEGMENTS IN THE MODULE
  ======================
ABSOLUTE (ABS)
  Relative segment, address: DATA 00000052 - 00000052 (1 bytes), align: 0
  Segment part 1. ROOT.
           ENTRY                   ADDRESS         REF BY
           =====                   =======         ======
           _A_TCNT0                00000052 
    -------------------------------------------------------------------------
ABSOLUTE (ABS)
  Relative segment, address: DATA 0000005C - 0000005C (1 bytes), align: 0
  Segment part 2. ROOT.
           ENTRY                   ADDRESS         REF BY
           =====                   =======         ======
           _A_OCR0                 0000005C 
    -------------------------------------------------------------------------
NEAR_Z
  Relative segment, address: DATA 00000168 - 000001CF (68 bytes), align: 0
  Segment part 9.             Intra module refs:   Kernel_InitScheduler
                                                   Kernel_RunScheduler
                                                   SystemTimer
                                                   TaskToIndex
           ENTRY                   ADDRESS         REF BY
           =====                   =======         ======
           taskQueue               00000168        Kernel_CreateTask (TaskManagement)
    -------------------------------------------------------------------------
NEAR_I
  Relative segment, address: DATA 00000094 - 0000009B (8 bytes), align: 0
  Segment part 11.            Intra module refs:   Kernel_RunScheduler
                                                   SystemTimer
           ENTRY                   ADDRESS         REF BY
           =====                   =======         ======
           currentTaskIndex        0000009A 
           executionTimer          00000098 
           totalExecutionTime      00000094 
    -------------------------------------------------------------------------
CODE
  Relative segment, address: CODE 000000C8 - 000000FB (34 bytes), align: 1
  Segment part 14.
           ENTRY                   ADDRESS         REF BY
           =====                   =======         ======
           Kernel_InitScheduler    000000C8        main (main)
               non_banked function
               calls direct
               stack 1 = 00000000 ( 00000002 )
    -------------------------------------------------------------------------
CODE
  Relative segment, address: CODE 000000FC - 00000261 (166 bytes), align: 1
  Segment part 15.
           ENTRY                   ADDRESS         REF BY
           =====                   =======         ======
           Kernel_RunScheduler     000000FC        main (main)
               non_banked function
               calls indirect
               stack 1 = 00000000 ( 00000002 )
               stack 2 = 00000000 ( 00000002 )
    -------------------------------------------------------------------------
CODE
  Relative segment, address: CODE 00000262 - 000002AB (4a bytes), align: 1
  Segment part 16.            Intra module refs:   Kernel_InitScheduler
           ENTRY                   ADDRESS         REF BY
           =====                   =======         ======
           SystemTimer             00000262 
               non_banked function
    -------------------------------------------------------------------------
CODE
  Relative segment, address: CODE 000002AC - 000002DF (34 bytes), align: 1
  Segment part 17.
           ENTRY                   ADDRESS         REF BY
           =====                   =======         ======
           TaskToIndex             000002AC        Kernel_CreateTask (TaskManagement)
               non_banked function
    -------------------------------------------------------------------------
ABSOLUTE (ABS)
  Relative segment, address: DATA 0000001C, align: 0
  Segment part 3. ROOT.
           ENTRY                   ADDRESS         REF BY
           =====                   =======         ======
           __?EECR                 0000001C 
    -------------------------------------------------------------------------
ABSOLUTE (ABS)
  Relative segment, address: DATA 0000001D, align: 0
  Segment part 4. ROOT.
           ENTRY                   ADDRESS         REF BY
           =====                   =======         ======
           __?EEDR                 0000001D 
    -------------------------------------------------------------------------
ABSOLUTE (ABS)
  Relative segment, address: DATA 0000001E, align: 0
  Segment part 5. ROOT.
           ENTRY                   ADDRESS         REF BY
           =====                   =======         ======
           __?EEARL                0000001E 
    -------------------------------------------------------------------------
ABSOLUTE (ABS)
  Relative segment, address: DATA 0000001F, align: 0
  Segment part 6. ROOT.
           ENTRY                   ADDRESS         REF BY
           =====                   =======         ======
           __?EEARH                0000001F 
    -------------------------------------------------------------------------
INITTAB
  Relative segment, address: CODE 00000A08 - 00000A0D (6 bytes), align: 0
  Segment part 10.            Intra module refs:   Segment part 11 (Timer)
                                                   Segment part 30 (main)
                                                   currentMenuItem (Menu)
                                                   taskQueue
                                                   testValue (main)
           ENTRY                   ADDRESS         REF BY
           =====                   =======         ======
           ?<Segment init: NEAR_Z>
                                   00000A08 
    -------------------------------------------------------------------------
NEAR_ID
  Relative segment, address: CODE 00000A14 - 00000A1B (8 bytes), align: 0
  Segment part 12.            Intra module refs:   currentTaskIndex
    -------------------------------------------------------------------------
INITTAB
  Relative segment, address: CODE 00000A0E - 00000A13 (6 bytes), align: 0
  Segment part 13.            Intra module refs:   currentTaskIndex
                                                   extrasMenu (main)
                                                   infoMenu (main)
                                                   mainMenu (main)
                                                   settingsMenu (main)
           ENTRY                   ADDRESS         REF BY
           =====                   =======         ======
           ?<Segment init: NEAR_I>
                                   00000A0E 

    *************************************************************************

  FILE NAME : f:\Projects\[Drivers]\C\MROS\TestApps\MenuTester\Release\Obj\main.r90
  PROGRAM MODULE, NAME : main

  SEGMENTS IN THE MODULE
  ======================
NEAR_Z
  Relative segment, address: DATA 000001D0 - 000001D0 (1 bytes), align: 0
  Segment part 19.            Intra module refs:   Segment part 29
                                                   inc
           ENTRY                   ADDRESS         REF BY
           =====                   =======         ======
           testValue               000001D0 
    -------------------------------------------------------------------------
CODE
  Relative segment, address: CODE 000002E0 - 000002F9 (1a bytes), align: 1
  Segment part 31.            Intra module refs:   Segment part 29
           ENTRY                   ADDRESS         REF BY
           =====                   =======         ======
           inc                     000002E0 
               non_banked function
    -------------------------------------------------------------------------
NEAR_I
  Relative segment, address: DATA 0000009C - 000000CE (33 bytes), align: 0
  Segment part 21.            Intra module refs:   Segment part 22
                                                   Segment part 25
                                                   Segment part 27
                                                   Segment part 29
                                                   main
           ENTRY                   ADDRESS         REF BY
           =====                   =======         ======
           mainMenu                0000009C 
    -------------------------------------------------------------------------
NEAR_I
  Relative segment, address: DATA 000000CF - 00000101 (33 bytes), align: 0
  Segment part 24.            Intra module refs:   Segment part 22
                                                   Segment part 25
           ENTRY                   ADDRESS         REF BY
           =====                   =======         ======
           settingsMenu            000000CF 
    -------------------------------------------------------------------------
NEAR_I
  Relative segment, address: DATA 00000102 - 00000134 (33 bytes), align: 0
  Segment part 26.            Intra module refs:   Segment part 22
                                                   Segment part 27
           ENTRY                   ADDRESS         REF BY
           =====                   =======         ======
           infoMenu                00000102 
    -------------------------------------------------------------------------
NEAR_I
  Relative segment, address: DATA 00000135 - 00000167 (33 bytes), align: 0
  Segment part 28.            Intra module refs:   Segment part 22
                                                   Segment part 29
           ENTRY                   ADDRESS         REF BY
           =====                   =======         ======
           extrasMenu              00000135 
    -------------------------------------------------------------------------
CODE
  Relative segment, address: CODE 000002FA - 0000035F (66 bytes), align: 1
  Segment part 32.            Intra module refs:   main
           ENTRY                   ADDRESS         REF BY
           =====                   =======         ======
           CheckKeys               000002FA 
               non_banked function
               calls direct
               stack 1 = 00000000 ( 00000002 )
    -------------------------------------------------------------------------
NEAR_Z
  Relative segment, address: DATA 000001D1 - 000001D1 (1 bytes), align: 0
  Segment part 30.            Intra module refs:   CheckKeys
    -------------------------------------------------------------------------
CODE
  Relative segment, address: CODE 00000360 - 0000038B (2c bytes), align: 1
  Segment part 33.            Intra module refs:   main
           ENTRY                   ADDRESS         REF BY
           =====                   =======         ======
           MenuUpdate              00000360 
               non_banked function
               calls direct
               stack 1 = 00000000 ( 00000002 )
               stack 2 = 00000000 ( 00000002 )
    -------------------------------------------------------------------------
CODE
  Relative segment, address: CODE 0000038C - 000003AF (24 bytes), align: 1
  Segment part 34.
           ENTRY                   ADDRESS         REF BY
           =====                   =======         ======
           main                    0000038C        ?cstartup_call_main (?C_STARTUP)
               non_banked function
               calls direct
               stack 1 = 00000000 ( 00000002 )
    -------------------------------------------------------------------------
NEAR_F
  Relative segment, address: CODE 00000058 - 0000005C (5 bytes), align: 0
  Segment part 7.             Intra module refs:   Segment part 29
    -------------------------------------------------------------------------
NEAR_F
  Relative segment, address: CODE 0000005D - 00000061 (5 bytes), align: 0
  Segment part 8.             Intra module refs:   Segment part 29
    -------------------------------------------------------------------------
NEAR_F
  Relative segment, address: CODE 00000062 - 00000067 (6 bytes), align: 0
  Segment part 9.             Intra module refs:   Segment part 29
    -------------------------------------------------------------------------
NEAR_F
  Relative segment, address: CODE 00000068 - 00000077 (10 bytes), align: 0
  Segment part 10.            Intra module refs:   Segment part 27
    -------------------------------------------------------------------------
NEAR_F
  Relative segment, address: CODE 00000078 - 00000088 (11 bytes), align: 0
  Segment part 11.            Intra module refs:   Segment part 27
    -------------------------------------------------------------------------
NEAR_F
  Relative segment, address: CODE 00000089 - 00000091 (9 bytes), align: 0
  Segment part 12.            Intra module refs:   Segment part 22
    -------------------------------------------------------------------------
NEAR_F
  Relative segment, address: CODE 00000092 - 00000096 (5 bytes), align: 0
  Segment part 13.            Intra module refs:   Segment part 22
    -------------------------------------------------------------------------
NEAR_F
  Relative segment, address: CODE 00000097 - 0000009D (7 bytes), align: 0
  Segment part 14.            Intra module refs:   Segment part 22
    -------------------------------------------------------------------------
NEAR_F
  Relative segment, address: CODE 0000009E - 000000A6 (9 bytes), align: 0
  Segment part 15.            Intra module refs:   Segment part 25
    -------------------------------------------------------------------------
NEAR_F
  Relative segment, address: CODE 000000A7 - 000000AD (7 bytes), align: 0
  Segment part 16.            Intra module refs:   Segment part 25
    -------------------------------------------------------------------------
NEAR_F
  Relative segment, address: CODE 000000AE - 000000B9 (c bytes), align: 0
  Segment part 17.            Intra module refs:   Segment part 25
    -------------------------------------------------------------------------
NEAR_F
  Relative segment, address: CODE 000000BA - 000000C6 (d bytes), align: 0
  Segment part 18.            Intra module refs:   Segment part 27
    -------------------------------------------------------------------------
NEAR_ID
  Relative segment, address: CODE 00000A1C - 00000A4E (33 bytes), align: 0
  Segment part 22.            Intra module refs:   mainMenu
    -------------------------------------------------------------------------
NEAR_ID
  Relative segment, address: CODE 00000A4F - 00000A81 (33 bytes), align: 0
  Segment part 25.            Intra module refs:   settingsMenu
    -------------------------------------------------------------------------
NEAR_ID
  Relative segment, address: CODE 00000A82 - 00000AB4 (33 bytes), align: 0
  Segment part 27.            Intra module refs:   infoMenu
    -------------------------------------------------------------------------
NEAR_ID
  Relative segment, address: CODE 00000AB5 - 00000AE7 (33 bytes), align: 0
  Segment part 29.            Intra module refs:   extrasMenu

    *************************************************************************

  FILE NAME : f:\Projects\[Drivers]\C\MROS\TestApps\MenuTester\Release\Obj\Menu.r90
  PROGRAM MODULE, NAME : Menu

  SEGMENTS IN THE MODULE
  ======================
NEAR_Z
  Relative segment, address: DATA 000001D2 - 000001D5 (4 bytes), align: 0
  Segment part 7.             Intra module refs:   Menu_Decrement
                                                   Menu_Enter
                                                   Menu_Exit
                                                   Menu_Increment
                                                   Menu_Init
                                                   Menu_Next
                                                   Menu_Previous
           ENTRY                   ADDRESS         REF BY
           =====                   =======         ======
           currentMenuItem         000001D2 
           update                  000001D4 
    -------------------------------------------------------------------------
CODE
  Relative segment, address: CODE 000003B0 - 000003D1 (22 bytes), align: 1
  Segment part 9.
           ENTRY                   ADDRESS         REF BY
           =====                   =======         ======
           Menu_Init               000003B0        main (main)
               non_banked function
               calls indirect
               stack 1 = 00000000 ( 00000002 )
               stack 2 = 00000000 ( 00000002 )
    -------------------------------------------------------------------------
CODE
  Relative segment, address: CODE 000003D2 - 000003FB (2a bytes), align: 1
  Segment part 11.
           ENTRY                   ADDRESS         REF BY
           =====                   =======         ======
           Menu_Next               000003D2        CheckKeys (main)
               non_banked function
               calls indirect
               stack 1 = 00000000 ( 00000002 )
               stack 2 = 00000000 ( 00000002 )
    -------------------------------------------------------------------------
CODE
  Relative segment, address: CODE 000003FC - 00000425 (2a bytes), align: 1
  Segment part 12.
           ENTRY                   ADDRESS         REF BY
           =====                   =======         ======
           Menu_Previous           000003FC        CheckKeys (main)
               non_banked function
               calls indirect
               stack 1 = 00000000 ( 00000002 )
               stack 2 = 00000000 ( 00000002 )
    -------------------------------------------------------------------------
CODE
  Relative segment, address: CODE 00000426 - 0000044F (2a bytes), align: 1
  Segment part 13.
           ENTRY                   ADDRESS         REF BY
           =====                   =======         ======
           Menu_Enter              00000426        CheckKeys (main)
               non_banked function
               calls indirect
               stack 1 = 00000000 ( 00000002 )
               stack 2 = 00000000 ( 00000002 )
    -------------------------------------------------------------------------
CODE
  Relative segment, address: CODE 00000450 - 00000479 (2a bytes), align: 1
  Segment part 14.
           ENTRY                   ADDRESS         REF BY
           =====                   =======         ======
           Menu_Exit               00000450        CheckKeys (main)
               non_banked function
               calls indirect
               stack 1 = 00000000 ( 00000002 )
               stack 2 = 00000000 ( 00000002 )
    -------------------------------------------------------------------------
CODE
  Relative segment, address: CODE 0000047A - 00000569 (f0 bytes), align: 1
  Segment part 15.
           ENTRY                   ADDRESS         REF BY
           =====                   =======         ======
           Menu_Increment          0000047A        CheckKeys (main)
               non_banked function
               calls indirect
               stack 1 = 00000000 ( 00000002 )
               stack 2 = 00000000 ( 00000004 )
    -------------------------------------------------------------------------
CODE
  Relative segment, address: CODE 0000056A - 00000655 (ec bytes), align: 1
  Segment part 16.
           ENTRY                   ADDRESS         REF BY
           =====                   =======         ======
           Menu_Decrement          0000056A        CheckKeys (main)
               non_banked function
               calls indirect
               stack 1 = 00000000 ( 00000002 )
               stack 2 = 00000000 ( 00000002 )

    *************************************************************************

  FILE NAME : f:\Projects\[Drivers]\C\MROS\TestApps\MenuTester\Release\Obj\MessageQueue.r90
    *************************************************************************

  FILE NAME : f:\Projects\[Drivers]\C\MROS\TestApps\MenuTester\Release\Obj\TaskManagement.r90
  PROGRAM MODULE, NAME : TaskManagement

  SEGMENTS IN THE MODULE
  ======================
CODE
  Relative segment, address: CODE 00000656 - 000006B5 (60 bytes), align: 1
  Segment part 7.
           ENTRY                   ADDRESS         REF BY
           =====                   =======         ======
           Kernel_CreateTask       00000656        main (main)
               non_banked function
               calls direct
               stack 1 = 00000000 ( 00000002 )
               stack 2 = 00000000 ( 00000002 )

    *************************************************************************

  FILE NAME : f:\Projects\[Drivers]\C\MROS\TestApps\MenuTester\Release\Obj\Timer.r90
  PROGRAM MODULE, NAME : Timer

  SEGMENTS IN THE MODULE
  ======================
ABSOLUTE (ABS)
  Relative segment, address: DATA 00000053 - 00000053 (1 bytes), align: 0
  Segment part 1. ROOT.
           ENTRY                   ADDRESS         REF BY
           =====                   =======         ======
           _A_TCCR0                00000053 
    -------------------------------------------------------------------------
ABSOLUTE (ABS)
  Relative segment, address: DATA 00000059 - 00000059 (1 bytes), align: 0
  Segment part 2. ROOT.
           ENTRY                   ADDRESS         REF BY
           =====                   =======         ======
           _A_TIMSK                00000059 
    -------------------------------------------------------------------------
NEAR_Z
  Relative segment, address: DATA 000001D6 - 000001D9 (4 bytes), align: 0
  Segment part 11.            Intra module refs:   Kernel_InitTimer
                                                   Kernel_TimerInterruptHandler
    -------------------------------------------------------------------------
CODE
  Relative segment, address: CODE 000006B6 - 000006CD (18 bytes), align: 1
  Segment part 13.
           ENTRY                   ADDRESS         REF BY
           =====                   =======         ======
           Kernel_InitTimer        000006B6        Kernel_InitScheduler (Kernel)
               non_banked function
    -------------------------------------------------------------------------
CODE
  Relative segment, address: CODE 000006CE - 00000737 (6a bytes), align: 1
  Segment part 15.            Intra module refs:   Segment part 8
           ENTRY                   ADDRESS         REF BY
           =====                   =======         ======
           Kernel_TimerInterruptHandler
                                   000006CE 
               interrupt, non_banked function
               calls indirect
               stack 1 = 00000000 ( 00000002 )
               stack 2 = 00000000 ( 0000000F )
    -------------------------------------------------------------------------
INTVEC
  Common segment, address: CODE 00000000 - 0000002B (2c bytes), align: 1
  Segment part 8. ROOT.

    *************************************************************************

  FILE NAME : f:\Projects\[Drivers]\C\MROS\TestApps\MenuTester\Release\Obj\UART.r90
  PROGRAM MODULE, NAME : UART

  SEGMENTS IN THE MODULE
  ======================
ABSOLUTE (ABS)
  Relative segment, address: DATA 00000029 - 00000029 (1 bytes), align: 0
  Segment part 1. ROOT.
           ENTRY                   ADDRESS         REF BY
           =====                   =======         ======
           _A_UBRRL                00000029 
    -------------------------------------------------------------------------
ABSOLUTE (ABS)
  Relative segment, address: DATA 0000002A - 0000002A (1 bytes), align: 0
  Segment part 2. ROOT.
           ENTRY                   ADDRESS         REF BY
           =====                   =======         ======
           _A_UCSRB                0000002A 
    -------------------------------------------------------------------------
ABSOLUTE (ABS)
  Relative segment, address: DATA 0000002B - 0000002B (1 bytes), align: 0
  Segment part 3. ROOT.
           ENTRY                   ADDRESS         REF BY
           =====                   =======         ======
           _A_UCSRA                0000002B 
    -------------------------------------------------------------------------
ABSOLUTE (ABS)
  Relative segment, address: DATA 0000002C - 0000002C (1 bytes), align: 0
  Segment part 4. ROOT.
           ENTRY                   ADDRESS         REF BY
           =====                   =======         ======
           _A_UDR                  0000002C 
    -------------------------------------------------------------------------
ABSOLUTE (ABS)
  Relative segment, address: DATA 00000040 - 00000040 (1 bytes), align: 0
  Segment part 5. ROOT.
           ENTRY                   ADDRESS         REF BY
           =====                   =======         ======
           _A_UBRRH                00000040 
    -------------------------------------------------------------------------
CODE
  Relative segment, address: CODE 00000738 - 00000745 (e bytes), align: 1
  Segment part 12.
           ENTRY                   ADDRESS         REF BY
           =====                   =======         ======
           UART_Init               00000738        main (main)
               non_banked function
    -------------------------------------------------------------------------
CODE
  Relative segment, address: CODE 00000746 - 00000751 (c bytes), align: 1
  Segment part 14.
           ENTRY                   ADDRESS         REF BY
           =====                   =======         ======
           UART_BytesReady         00000746        CheckKeys (main)
               non_banked function
    -------------------------------------------------------------------------
CODE
  Relative segment, address: CODE 00000752 - 00000759 (8 bytes), align: 1
  Segment part 15.
           ENTRY                   ADDRESS         REF BY
           =====                   =======         ======
           UART_ReadByte           00000752        CheckKeys (main)
               non_banked function
    -------------------------------------------------------------------------
CODE
  Relative segment, address: CODE 0000075A - 00000761 (8 bytes), align: 1
  Segment part 17.            Intra module refs:   UART_WriteString_P
                                                   UART_WriteValueUnsignedChar
           ENTRY                   ADDRESS         REF BY
           =====                   =======         ======
           UART_WriteByte          0000075A 
               non_banked function
    -------------------------------------------------------------------------
CODE
  Relative segment, address: CODE 00000762 - 00000789 (28 bytes), align: 1
  Segment part 23.
           ENTRY                   ADDRESS         REF BY
           =====                   =======         ======
           UART_WriteString_P      00000762        MenuUpdate (main)
               non_banked function
               calls direct
               stack 1 = 00000000 ( 00000002 )
               stack 2 = 00000000 ( 00000003 )
    -------------------------------------------------------------------------
CODE
  Relative segment, address: CODE 0000078A - 000007CF (46 bytes), align: 1
  Segment part 24.
           ENTRY                   ADDRESS         REF BY
           =====                   =======         ======
           UART_WriteValueUnsignedChar
                                   0000078A        MenuUpdate (main)
               non_banked function
               calls direct
               stack 1 = 00000000 ( 00000002 )
               stack 2 = 00000000 ( 00000001 )

    *************************************************************************

  FILE NAME : C:\PROGRA~1\IARSYS~1\EW23EV~1\avr\lib\cl3s-ec-sf.r90
  PROGRAM MODULE, NAME : ?RESET

  SEGMENTS IN THE MODULE
  ======================
INTVEC
  Common segment, address: CODE 00000000 - 00000003 (4 bytes), align: 1
  Segment part 0. ROOT.

    -------------------------------------------------------------------------
  LIBRARY MODULE, NAME : ?C_STARTUP

  SEGMENTS IN THE MODULE
  ======================
CODE
  Relative segment, address: CODE 000007D0, align: 1
  Segment part 2.
           ENTRY                   ADDRESS         REF BY
           =====                   =======         ======
           ?C_STARTUP              000007D0        Segment part 0 (?RESET)
           __RESTART               000007D0 
    -------------------------------------------------------------------------
CODE
  Relative segment, address: CODE 000007D0 - 000007DB (c bytes), align: 1
  Segment part 4.             Intra module refs:   ?C_STARTUP
    -------------------------------------------------------------------------
CODE
  Relative segment, address: CODE 000007DC - 000007DF (4 bytes), align: 1
  Segment part 6.             Intra module refs:   Segment part 4
           ENTRY                   ADDRESS         REF BY
           =====                   =======         ======
           ?call_low_level_init    000007DC 
    -------------------------------------------------------------------------
CODE
  Relative segment, address: CODE 000007E0 - 000007E7 (8 bytes), align: 1
  Segment part 7.
           ENTRY                   ADDRESS         REF BY
           =====                   =======         ======
           ?need_segment_init      000007E0        ?<Segment init: NEAR_I> (Kernel)
                                                   ?<Segment init: NEAR_Z> (Kernel)
    -------------------------------------------------------------------------
CODE
  Relative segment, address: CODE 000007E8 - 000007F3 (c bytes), align: 1
  Segment part 8.             Intra module refs:   ?call_low_level_init
           ENTRY                   ADDRESS         REF BY
           =====                   =======         ======
           ?cstartup_call_main     000007E8 

    -------------------------------------------------------------------------
  LIBRARY MODULE, NAME : ?UC_DIVMOD_L01

  SEGMENTS IN THE MODULE
  ======================
CODE
  Relative segment, address: CODE 000007F4 - 0000080F (1c bytes), align: 1
  Segment part 0.
           ENTRY                   ADDRESS         REF BY
           =====                   =======         ======
           ?UC_DIVMOD_L01          000007F4        UART_WriteValueUnsignedChar (UART)

    -------------------------------------------------------------------------
  LIBRARY MODULE, NAME : ?FLOATS_L04

  SEGMENTS IN THE MODULE
  ======================
CODE
  Relative segment, address: CODE 00000810 - 00000835 (26 bytes), align: 1
  Segment part 0.             Intra module refs:   ?F_ADD_L04
    -------------------------------------------------------------------------
CODE
  Relative segment, address: CODE 00000836 - 00000887 (52 bytes), align: 1
  Segment part 1.             Intra module refs:   ?F_ADD_L04
    -------------------------------------------------------------------------
CODE
  Relative segment, address: CODE 00000888 - 00000893 (c bytes), align: 1
  Segment part 5.             Intra module refs:   ?TEST_P_L04
    -------------------------------------------------------------------------
CODE
  Relative segment, address: CODE 00000894 - 0000089F (c bytes), align: 1
  Segment part 6.             Intra module refs:   Segment part 8
    -------------------------------------------------------------------------
CODE
  Relative segment, address: CODE 000008A0 - 000008D7 (38 bytes), align: 1
  Segment part 7.             Intra module refs:   ?F_ADD_L04
                                                   Segment part 8
           ENTRY                   ADDRESS         REF BY
           =====                   =======         ======
           ?TEST_P_L04             000008A0 
    -------------------------------------------------------------------------
CODE
  Relative segment, address: CODE 000008D8 - 000008FB (24 bytes), align: 1
  Segment part 8.             Intra module refs:   ?F_ADD_L04
    -------------------------------------------------------------------------
CODE
  Relative segment, address: CODE 000008FC - 00000991 (96 bytes), align: 1
  Segment part 9.
           ENTRY                   ADDRESS         REF BY
           =====                   =======         ======
           ?F_ADD_L04              0000091E        Menu_Decrement (Menu)
                                                   Menu_Increment (Menu)
    -------------------------------------------------------------------------
CODE
  Relative segment, address: CODE 00000992 - 0000099D (c bytes), align: 1
  Segment part 11.            Intra module refs:   ?F_INFINITE_L04
                                                   ?F_NAN_L04
           ENTRY                   ADDRESS         REF BY
           =====                   =======         ======
           ?F_ZERO_L04             00000992 
    -------------------------------------------------------------------------
CODE
  Relative segment, address: CODE 0000099E - 000009A5 (8 bytes), align: 1
  Segment part 12.            Intra module refs:   Segment part 1
           ENTRY                   ADDRESS         REF BY
           =====                   =======         ======
           ?F_INFINITE_L04         0000099E 
    -------------------------------------------------------------------------
CODE
  Relative segment, address: CODE 000009A6 - 000009AD (8 bytes), align: 1
  Segment part 13.            Intra module refs:   ?F_ADD_L04
           ENTRY                   ADDRESS         REF BY
           =====                   =======         ======
           ?F_NAN_L04              000009A6 

    -------------------------------------------------------------------------
  LIBRARY MODULE, NAME : low_level_init

  SEGMENTS IN THE MODULE
  ======================
CODE
  Relative segment, address: CODE 000009AE - 000009B1 (4 bytes), align: 1
  Segment part 3.
           ENTRY                   ADDRESS         REF BY
           =====                   =======         ======
           __low_level_init        000009AE        ?call_low_level_init (?C_STARTUP)
               non_banked function

    -------------------------------------------------------------------------
  LIBRARY MODULE, NAME : ?segment_init

  SEGMENTS IN THE MODULE
  ======================
CODE
  Relative segment, address: CODE 000009B2 - 000009C5 (14 bytes), align: 1
  Segment part 8.             Intra module refs:   __flashcpy
                                                   __segment_init
           ENTRY                   ADDRESS         REF BY
           =====                   =======         ======
           __memclr                000009B2 
               non_banked function
    -------------------------------------------------------------------------
CODE
  Relative segment, address: CODE 000009C6 - 000009CD (8 bytes), align: 1
  Segment part 9.             Intra module refs:   __segment_init
           ENTRY                   ADDRESS         REF BY
           =====                   =======         ======
           __flashcpy              000009C6 
               non_banked function
    -------------------------------------------------------------------------
CODE
  Relative segment, address: CODE 000009CE - 00000A01 (34 bytes), align: 1
  Segment part 10.
           ENTRY                   ADDRESS         REF BY
           =====                   =======         ======
           __segment_init          000009CE        ?need_segment_init (?C_STARTUP)
               non_banked function
               calls direct
               stack 1 = 00000000 ( 00000002 )
    -------------------------------------------------------------------------
INITTAB
  Relative segment, address: CODE 00000A14, align: 0
  Segment part 6.             Intra module refs:   __segment_init
           ENTRY                   ADDRESS         REF BY
           =====                   =======         ======
           ?<Segment part INITTAB>
                                   00000A14 

    -------------------------------------------------------------------------
  LIBRARY MODULE, NAME : ?__exit

  SEGMENTS IN THE MODULE
  ======================
CODE
  Relative segment, address: CODE 00000A02 - 00000A07 (6 bytes), align: 1
  Segment part 0.
           ENTRY                   ADDRESS         REF BY
           =====                   =======         ======
           __exit                  00000A04 
           ?C_EXIT                 00000A04 
           ?C_FUNCALL              00000A02 
           _exit                   00000A02        ?cstartup_call_main (?C_STARTUP)
           exit                    00000A02        ?cstartup_call_main (?C_STARTUP)

    *************************************************************************

  DEFINED ABSOLUTE ENTRIES
  PROGRAM MODULE, NAME : ?FILLER_BYTES

  SEGMENTS IN THE MODULE
  ======================
INTVEC
  Common segment, address: CODE 00000000 - 0000002B (2c bytes), align: 0
  Segment part 1.
    -------------------------------------------------------------------------
?FILL1
  Relative segment, address: CODE 0000002C - 00000057 (2c bytes), align: 0
  Segment part 0.




                ****************************************
                *                                      *
                *      SEGMENTS IN ADDRESS ORDER       *
                *                                      *
                ****************************************


SEGMENT              SPACE   START ADDRESS    END ADDRESS      SIZE  TYPE  ALIGN
=======              =====   =============    ===========      ====  ====  =====
INTVEC               CODE         00000000 - 0000002B            2C   com    1
?FILL1               CODE         0000002C - 00000057            2C   rel    0
NEAR_F               CODE         00000058 - 000000C6            6F   rel    0
CODE                 CODE         000000C8 - 00000A07           940   rel    1
INITTAB              CODE         00000A08 - 00000A13             C   rel    0
NEAR_ID              CODE         00000A14 - 00000AE7            D4   rel    0
ABSOLUTE (ABS)       DATA              0000001C                       rel    0
                     DATA              0000001D                     
                     DATA              0000001E                     
                     DATA              0000001F                     
                     DATA         00000029 - 00000029             1 
                     DATA         0000002A - 0000002A             1 
                     DATA         0000002B - 0000002B             1 
                     DATA         0000002C - 0000002C             1 
                     DATA         00000040 - 00000040             1 
                     DATA         00000052 - 00000052             1 
                     DATA         00000053 - 00000053             1 
                     DATA         00000059 - 00000059             1 
                     DATA         0000005C - 0000005C             1 
CSTACK               DATA         00000060 - 0000007F            20   dse    0
RSTACK               DATA         00000080 - 00000093            14   dse    0
NEAR_I               DATA         00000094 - 00000167            D4   rel    0
NEAR_Z               DATA         00000168 - 000001D9            72   rel    0

                ****************************************
                *                                      *
                *        END OF CROSS REFERENCE        *
                *                                      *
                ****************************************

 2 747 bytes of CODE memory (44 range fill)
   387 bytes of DATA memory

Errors: none
Warnings: none

