
                                    start:
00000000  49 62 00 00 00              call LED_BothOff
00000005  30 01 00 00 00              loadq 1
0000000a  40 00 00 00 00              popq counter
0000000f  30 00 00 00 00              loadq 0
00000014  40 04 00 00 00              popq target

                                    loop:
00000019  49 68 00 00 00              call LED_RedOn
0000001e  30 2c 01 00 00              loadq 300
00000023  40 0c 00 00 00              popq delayTime
00000028  49 74 00 00 00              call delay
0000002d  49 6e 00 00 00              call LED_YellowOn
00000032  30 2c 01 00 00              loadq 300
00000037  40 0c 00 00 00              popq delayTime
0000003c  49 74 00 00 00              call delay
00000041  38 00 00 00 00              pushq counter
00000046  17                          decq
00000047  40 00 00 00 00              popq counter
0000004c  38 00 00 00 00              pushq counter
00000051  38 04 00 00 00              pushq target
00000056  07                          subq
00000057  40 08 00 00 00              popq temp
0000005c  44 19 00 00 00              jmpnz loop

                                    ExitProgram:
00000061  4e                          exit

                                    LED_BothOff:
00000062  2e 00                       loads 0
00000064  2e 01                       loads 1
00000066  4c                          out
00000067  4a                          ret

                                    LED_RedOn:
00000068  2e 01                       loads 1
0000006a  2e 01                       loads 1
0000006c  4c                          out
0000006d  4a                          ret

                                    LED_YellowOn:
0000006e  2e 02                       loads 2
00000070  2e 01                       loads 1
00000072  4c                          out
00000073  4a                          ret

                                    delay:
00000074  38 0c 00 00 00              pushq delayTime
00000079  17                          decq
0000007a  40 0c 00 00 00              popq delayTime
0000007f  44 74 00 00 00              jmpnz delay
00000084  4a                          ret


Totalt size of stack segment:          50 bytes
Totalt size of data segment:           16 bytes
Totalt size of code segment:          133 bytes
