
                                    Start:
00000000  2e 00                       loads 0
00000002  2e 02                       loads 2
00000004  4c                          out
00000005  2e ff                       loads 255
00000007  2e 03                       loads 3
00000009  4c                          out

                                    ReadLoop:
0000000a  2e 04                       loads 4
0000000c  4b                          in
0000000d  2e ff                       loads 255
0000000f  05                          subs
00000010  3e 00 00 00 00              pops pins
00000015  43 24 00 00 00              jmpz AllHigh

                                    AllNotHigh:
0000001a  49 34 00 00 00              call	 	LED_RedOn
0000001f  42 0a 00 00 00              jmp	ReadLoop

                                    AllHigh:
00000024  49 3a 00 00 00              call LED_YellowOn
00000029  42 0a 00 00 00              jmp ReadLoop

                                    LED_BothOff:
0000002e  2e 00                       loads 0
00000030  2e 01                       loads 1
00000032  4c                          out
00000033  4a                          ret

                                    LED_RedOn:
00000034  2e 01                       loads 1
00000036  2e 01                       loads 1
00000038  4c                          out
00000039  4a                          ret

                                    LED_YellowOn:
0000003a  2e 02                       loads 2
0000003c  2e 01                       loads 1
0000003e  4c                          out
0000003f  4a                          ret


Totalt size of stack segment:          50 bytes
Totalt size of data segment:            1 bytes
Totalt size of code segment:           64 bytes
